tests/test_contract_opcodes.py::TestContractOpcodes::test_contract_input_output[slice.tz-Some "Foo"-Pair 0 10-None]

storage
  None
emitted operations
  
big_map diff
  
trace
  - location: 9 (remaining gas: 1039244 units remaining)
    [ (Pair (Pair 0 10) (Some "Foo"))  	 ]
  - location: 12 (remaining gas: 1039243.900 units remaining)
    [ (Pair (Pair 0 10) (Some "Foo"))  	
      (Pair (Pair 0 10) (Some "Foo"))  	 ]
  - location: 13 (remaining gas: 1039243.840 units remaining)
    [ (Pair 0 10)  	@parameter
      (Pair (Pair 0 10) (Some "Foo"))  	 ]
  - location: 16 (remaining gas: 1039243.720 units remaining)
    [ (Some "Foo")  	@storage ]
  - location: 15 (remaining gas: 1039243.700 units remaining)
    [ (Some "Foo")  	@storage ]
  - location: 14 (remaining gas: 1039243.700 units remaining)
    [ (Pair 0 10)  	@parameter
      (Some "Foo")  	@storage ]
  - location: -1 (remaining gas: 1039243.680 units remaining)
    [ (Pair 0 10)  	@parameter
      (Some "Foo")  	@storage ]
  - location: 10 (remaining gas: 1039243.660 units remaining)
    [ (Pair 0 10)  	@parameter
      (Some "Foo")  	@storage ]
  - location: 17 (remaining gas: 1039243.600 units remaining)
    [ (Some "Foo")  	@storage
      (Pair 0 10)  	@parameter ]
  - location: 25 (remaining gas: 1039243.460 units remaining)
    [ (Pair 0 10)  	@parameter
      "Foo"  	@storage.some ]
  - location: 28 (remaining gas: 1039243.360 units remaining)
    [ (Pair 0 10)  	@parameter
      (Pair 0 10)  	@parameter
      "Foo"  	@storage.some ]
  - location: 29 (remaining gas: 1039243.300 units remaining)
    [ 0  	
      (Pair 0 10)  	@parameter
      "Foo"  	@storage.some ]
  - location: 32 (remaining gas: 1039243.180 units remaining)
    [ 10  	
      "Foo"  	@storage.some ]
  - location: 31 (remaining gas: 1039243.160 units remaining)
    [ 10  	
      "Foo"  	@storage.some ]
  - location: 30 (remaining gas: 1039243.160 units remaining)
    [ 0  	
      10  	
      "Foo"  	@storage.some ]
  - location: -1 (remaining gas: 1039243.140 units remaining)
    [ 0  	
      10  	
      "Foo"  	@storage.some ]
  - location: 26 (remaining gas: 1039243.120 units remaining)
    [ 0  	
      10  	
      "Foo"  	@storage.some ]
  - location: 33 (remaining gas: 1039243 units remaining)
    [ None  	@storage.some.slice ]
  - location: -1 (remaining gas: 1039242.980 units remaining)
    [ None  	@storage.some.slice ]
  - location: 18 (remaining gas: 1039242.960 units remaining)
    [ None  	 ]
  - location: 34 (remaining gas: 1039242.900 units remaining)
    [ {}  	
      None  	 ]
  - location: 36 (remaining gas: 1039242.840 units remaining)
    [ (Pair {} None)  	 ]
  - location: -1 (remaining gas: 1039242.820 units remaining)
    [ (Pair {} None)  	 ]

