tests/test_contract_opcodes.py::TestContractOpcodes::test_contract_input_output[int.tz-None-0-(Some 0)]

storage
  (Some 0)
emitted operations
  
big_map diff
  
trace
  - location: 7 (remaining gas: 1039763 units remaining)
    [ (Pair 0 None)  	 ]
  - location: 8 (remaining gas: 1039762.940 units remaining)
    [ 0  	@parameter ]
  - location: 9 (remaining gas: 1039762.900 units remaining)
    [ 0  	 ]
  - location: 10 (remaining gas: 1039762.840 units remaining)
    [ (Some 0)  	 ]
  - location: 11 (remaining gas: 1039762.780 units remaining)
    [ {}  	
      (Some 0)  	 ]
  - location: 13 (remaining gas: 1039762.720 units remaining)
    [ (Pair {} (Some 0))  	 ]
  - location: -1 (remaining gas: 1039762.700 units remaining)
    [ (Pair {} (Some 0))  	 ]

