tests/test_contract_opcodes.py::TestContractOpcodes::test_contract_input_output[self_with_entrypoint.tz-Unit-Left (Left 0)-Unit]

storage
  Unit
emitted operations
  
big_map diff
  
trace
  - location: 12 (remaining gas: 1038201 units remaining)
    [ (Pair (Left (Left 0)) Unit)  	 ]
  - location: 13 (remaining gas: 1038200.940 units remaining)
    [  ]
  - location: 14 (remaining gas: 1038200.880 units remaining)
    [ "KT1BEqzn5Wx8uJrZNvuS9DVHmLvG9td3fDLi%A"  	@self ]
  - location: 15 (remaining gas: 1038112.840 units remaining)
    [ 0x050a00000017011d23c1d3d2f8a4ea5e8784b8f7ecf2ad304c0fe60041  	@Apacked ]
  - location: 16 (remaining gas: 1038112.780 units remaining)
    [ "KT1BEqzn5Wx8uJrZNvuS9DVHmLvG9td3fDLi"  	@self
      0x050a00000017011d23c1d3d2f8a4ea5e8784b8f7ecf2ad304c0fe60041  	@Apacked ]
  - location: 17 (remaining gas: 1038024.740 units remaining)
    [ 0x050a00000016011d23c1d3d2f8a4ea5e8784b8f7ecf2ad304c0fe600  	@defpacked
      0x050a00000017011d23c1d3d2f8a4ea5e8784b8f7ecf2ad304c0fe60041  	@Apacked ]
  - location: 18 (remaining gas: 1038024.680 units remaining)
    [ 0x050a00000016011d23c1d3d2f8a4ea5e8784b8f7ecf2ad304c0fe600  	@defpacked
      0x050a00000016011d23c1d3d2f8a4ea5e8784b8f7ecf2ad304c0fe600  	@defpacked
      0x050a00000017011d23c1d3d2f8a4ea5e8784b8f7ecf2ad304c0fe60041  	@Apacked ]
  - location: 21 (remaining gas: 1038024.560 units remaining)
    [ 0x050a00000017011d23c1d3d2f8a4ea5e8784b8f7ecf2ad304c0fe60041  	@Apacked
      0x050a00000016011d23c1d3d2f8a4ea5e8784b8f7ecf2ad304c0fe600  	@defpacked ]
  - location: 20 (remaining gas: 1038024.540 units remaining)
    [ 0x050a00000017011d23c1d3d2f8a4ea5e8784b8f7ecf2ad304c0fe60041  	@Apacked
      0x050a00000016011d23c1d3d2f8a4ea5e8784b8f7ecf2ad304c0fe600  	@defpacked ]
  - location: 19 (remaining gas: 1038024.540 units remaining)
    [ 0x050a00000016011d23c1d3d2f8a4ea5e8784b8f7ecf2ad304c0fe600  	@defpacked
      0x050a00000017011d23c1d3d2f8a4ea5e8784b8f7ecf2ad304c0fe60041  	@Apacked
      0x050a00000016011d23c1d3d2f8a4ea5e8784b8f7ecf2ad304c0fe600  	@defpacked ]
  - location: 24 (remaining gas: 1038024.400 units remaining)
    [ -1  	
      0x050a00000016011d23c1d3d2f8a4ea5e8784b8f7ecf2ad304c0fe600  	@defpacked ]
  - location: 25 (remaining gas: 1038024.300 units remaining)
    [ True  	
      0x050a00000016011d23c1d3d2f8a4ea5e8784b8f7ecf2ad304c0fe600  	@defpacked ]
  - location: -1 (remaining gas: 1038024.280 units remaining)
    [ True  	
      0x050a00000016011d23c1d3d2f8a4ea5e8784b8f7ecf2ad304c0fe600  	@defpacked ]
  - location: 27 (remaining gas: 1038024.200 units remaining)
    [ 0x050a00000016011d23c1d3d2f8a4ea5e8784b8f7ecf2ad304c0fe600  	@defpacked ]
  - location: -1 (remaining gas: 1038024.180 units remaining)
    [ 0x050a00000016011d23c1d3d2f8a4ea5e8784b8f7ecf2ad304c0fe600  	@defpacked ]
  - location: 32 (remaining gas: 1038024.120 units remaining)
    [ "KT1BEqzn5Wx8uJrZNvuS9DVHmLvG9td3fDLi"  	@self
      0x050a00000016011d23c1d3d2f8a4ea5e8784b8f7ecf2ad304c0fe600  	@defpacked ]
  - location: 33 (remaining gas: 1037936.080 units remaining)
    [ 0x050a00000016011d23c1d3d2f8a4ea5e8784b8f7ecf2ad304c0fe600  	@selfpacked
      0x050a00000016011d23c1d3d2f8a4ea5e8784b8f7ecf2ad304c0fe600  	@defpacked ]
  - location: 36 (remaining gas: 1037935.940 units remaining)
    [ 0  	 ]
  - location: 37 (remaining gas: 1037935.840 units remaining)
    [ True  	 ]
  - location: -1 (remaining gas: 1037935.820 units remaining)
    [ True  	 ]
  - location: 39 (remaining gas: 1037935.740 units remaining)
    [  ]
  - location: -1 (remaining gas: 1037935.720 units remaining)
    [  ]
  - location: 44 (remaining gas: 1037935.660 units remaining)
    [ "KT1BEqzn5Wx8uJrZNvuS9DVHmLvG9td3fDLi%A"  	@self ]
  - location: 45 (remaining gas: 1037935.620 units remaining)
    [ "KT1BEqzn5Wx8uJrZNvuS9DVHmLvG9td3fDLi%A"  	@self ]
  - location: 48 (remaining gas: 1037935.560 units remaining)
    [  ]
  - location: 49 (remaining gas: 1037935.500 units remaining)
    [ "KT1BEqzn5Wx8uJrZNvuS9DVHmLvG9td3fDLi%B"  	@self ]
  - location: 50 (remaining gas: 1037935.460 units remaining)
    [ "KT1BEqzn5Wx8uJrZNvuS9DVHmLvG9td3fDLi%B"  	@self ]
  - location: 53 (remaining gas: 1037935.400 units remaining)
    [  ]
  - location: 54 (remaining gas: 1037935.340 units remaining)
    [ "KT1BEqzn5Wx8uJrZNvuS9DVHmLvG9td3fDLi%maybe_C"  	@self ]
  - location: 55 (remaining gas: 1037935.300 units remaining)
    [ "KT1BEqzn5Wx8uJrZNvuS9DVHmLvG9td3fDLi%maybe_C"  	@self ]
  - location: 60 (remaining gas: 1037935.240 units remaining)
    [  ]
  - location: 61 (remaining gas: 1037935.180 units remaining)
    [ "KT1BEqzn5Wx8uJrZNvuS9DVHmLvG9td3fDLi%Z"  	@self ]
  - location: 62 (remaining gas: 1037935.140 units remaining)
    [ "KT1BEqzn5Wx8uJrZNvuS9DVHmLvG9td3fDLi%Z"  	@self ]
  - location: 65 (remaining gas: 1037935.080 units remaining)
    [  ]
  - location: 66 (remaining gas: 1037935.020 units remaining)
    [ "KT1BEqzn5Wx8uJrZNvuS9DVHmLvG9td3fDLi"  	@self ]
  - location: 67 (remaining gas: 1037934.980 units remaining)
    [ "KT1BEqzn5Wx8uJrZNvuS9DVHmLvG9td3fDLi"  	@self ]
  - location: 76 (remaining gas: 1037934.920 units remaining)
    [  ]
  - location: 77 (remaining gas: 1037934.860 units remaining)
    [ "KT1BEqzn5Wx8uJrZNvuS9DVHmLvG9td3fDLi"  	@self ]
  - location: 78 (remaining gas: 1037934.820 units remaining)
    [ "KT1BEqzn5Wx8uJrZNvuS9DVHmLvG9td3fDLi"  	@self ]
  - location: 87 (remaining gas: 1037934.760 units remaining)
    [  ]
  - location: 88 (remaining gas: 1037934.700 units remaining)
    [ Unit  	 ]
  - location: 89 (remaining gas: 1037934.640 units remaining)
    [ {}  	
      Unit  	 ]
  - location: 91 (remaining gas: 1037934.580 units remaining)
    [ (Pair {} Unit)  	 ]
  - location: -1 (remaining gas: 1037934.560 units remaining)
    [ (Pair {} Unit)  	 ]

