tests/test_contract_opcodes.py::TestContractOpcodes::test_contract_input_output[reverse_loop.tz-{""}-{}-{}]

storage
  {}
emitted operations
  
big_map diff
  
trace
  - location: 8 (remaining gas: 1039337 units remaining)
    [ (Pair {} { "" })  	 ]
  - location: 9 (remaining gas: 1039336.940 units remaining)
    [ {}  	@parameter ]
  - location: 10 (remaining gas: 1039336.880 units remaining)
    [ {}  	
      {}  	@parameter ]
  - location: 12 (remaining gas: 1039336.820 units remaining)
    [ {}  	@parameter
      {}  	 ]
  - location: 13 (remaining gas: 1039336.760 units remaining)
    [ True  	
      {}  	@parameter
      {}  	 ]
  - location: 28 (remaining gas: 1039336.580 units remaining)
    [ {}  	
      {}  	 ]
  - location: 30 (remaining gas: 1039336.520 units remaining)
    [ False  	
      {}  	
      {}  	 ]
  - location: -1 (remaining gas: 1039336.500 units remaining)
    [ False  	
      {}  	
      {}  	 ]
  - location: 17 (remaining gas: 1039336.480 units remaining)
    [ False  	
      {}  	
      {}  	 ]
  - location: 16 (remaining gas: 1039336.440 units remaining)
    [ {}  	@parameter
      {}  	 ]
  - location: 33 (remaining gas: 1039336.380 units remaining)
    [ {}  	 ]
  - location: 34 (remaining gas: 1039336.320 units remaining)
    [ {}  	
      {}  	 ]
  - location: 36 (remaining gas: 1039336.260 units remaining)
    [ (Pair {} {})  	 ]
  - location: -1 (remaining gas: 1039336.240 units remaining)
    [ (Pair {} {})  	 ]

