tests/test_contract_opcodes.py::TestContractOpcodes::test_contract_input_output[list_map_block.tz-{0}-{ 1 ; 2 ; 3 ; 0 }-{ 1 ; 3 ; 5 ; 3 }]

storage
  { 1 ; 3 ; 5 ; 3 }
emitted operations
  
big_map diff
  
trace
  - location: 8 (remaining gas: 1039375 units remaining)
    [ (Pair { 1 ; 2 ; 3 ; 0 } { 0 })  	 ]
  - location: 9 (remaining gas: 1039374.940 units remaining)
    [ { 1 ; 2 ; 3 ; 0 }  	@parameter ]
  - location: 10 (remaining gas: 1039374.880 units remaining)
    [ 0  	
      { 1 ; 2 ; 3 ; 0 }  	@parameter ]
  - location: 13 (remaining gas: 1039374.820 units remaining)
    [ { 1 ; 2 ; 3 ; 0 }  	@parameter
      0  	 ]
  - location: 18 (remaining gas: 1039374.360 units remaining)
    [ 0  	
      0  	 ]
  - location: 17 (remaining gas: 1039374.340 units remaining)
    [ 0  	
      0  	 ]
  - location: 16 (remaining gas: 1039374.340 units remaining)
    [ 1  	@parameter.elt
      0  	
      0  	 ]
  - location: 19 (remaining gas: 1039374.198 units remaining)
    [ 1  	
      0  	 ]
  - location: 22 (remaining gas: 1039374.078 units remaining)
    [ 1  	
      0  	 ]
  - location: 25 (remaining gas: 1039373.936 units remaining)
    [ 1  	 ]
  - location: -1 (remaining gas: 1039373.916 units remaining)
    [ 1  	 ]
  - location: 20 (remaining gas: 1039373.916 units remaining)
    [ 1  	
      1  	 ]
  - location: -1 (remaining gas: 1039373.896 units remaining)
    [ 1  	
      1  	 ]
  - location: 18 (remaining gas: 1039373.776 units remaining)
    [ 1  	
      1  	 ]
  - location: 17 (remaining gas: 1039373.756 units remaining)
    [ 1  	
      1  	 ]
  - location: 16 (remaining gas: 1039373.756 units remaining)
    [ 2  	@parameter.elt
      1  	
      1  	 ]
  - location: 19 (remaining gas: 1039373.614 units remaining)
    [ 3  	
      1  	 ]
  - location: 22 (remaining gas: 1039373.494 units remaining)
    [ 1  	
      1  	 ]
  - location: 25 (remaining gas: 1039373.352 units remaining)
    [ 2  	 ]
  - location: -1 (remaining gas: 1039373.332 units remaining)
    [ 2  	 ]
  - location: 20 (remaining gas: 1039373.332 units remaining)
    [ 3  	
      2  	 ]
  - location: -1 (remaining gas: 1039373.312 units remaining)
    [ 3  	
      2  	 ]
  - location: 18 (remaining gas: 1039373.192 units remaining)
    [ 2  	
      2  	 ]
  - location: 17 (remaining gas: 1039373.172 units remaining)
    [ 2  	
      2  	 ]
  - location: 16 (remaining gas: 1039373.172 units remaining)
    [ 3  	@parameter.elt
      2  	
      2  	 ]
  - location: 19 (remaining gas: 1039373.030 units remaining)
    [ 5  	
      2  	 ]
  - location: 22 (remaining gas: 1039372.910 units remaining)
    [ 1  	
      2  	 ]
  - location: 25 (remaining gas: 1039372.768 units remaining)
    [ 3  	 ]
  - location: -1 (remaining gas: 1039372.748 units remaining)
    [ 3  	 ]
  - location: 20 (remaining gas: 1039372.748 units remaining)
    [ 5  	
      3  	 ]
  - location: -1 (remaining gas: 1039372.728 units remaining)
    [ 5  	
      3  	 ]
  - location: 18 (remaining gas: 1039372.608 units remaining)
    [ 3  	
      3  	 ]
  - location: 17 (remaining gas: 1039372.588 units remaining)
    [ 3  	
      3  	 ]
  - location: 16 (remaining gas: 1039372.588 units remaining)
    [ 0  	@parameter.elt
      3  	
      3  	 ]
  - location: 19 (remaining gas: 1039372.446 units remaining)
    [ 3  	
      3  	 ]
  - location: 22 (remaining gas: 1039372.326 units remaining)
    [ 1  	
      3  	 ]
  - location: 25 (remaining gas: 1039372.184 units remaining)
    [ 4  	 ]
  - location: -1 (remaining gas: 1039372.164 units remaining)
    [ 4  	 ]
  - location: 20 (remaining gas: 1039372.164 units remaining)
    [ 3  	
      4  	 ]
  - location: -1 (remaining gas: 1039372.144 units remaining)
    [ 3  	
      4  	 ]
  - location: 14 (remaining gas: 1039372.144 units remaining)
    [ { 1 ; 3 ; 5 ; 3 }  	
      4  	 ]
  - location: 26 (remaining gas: 1039372.084 units remaining)
    [ {}  	
      { 1 ; 3 ; 5 ; 3 }  	
      4  	 ]
  - location: 28 (remaining gas: 1039372.024 units remaining)
    [ (Pair {} { 1 ; 3 ; 5 ; 3 })  	
      4  	 ]
  - location: 31 (remaining gas: 1039371.904 units remaining)
    [  ]
  - location: 30 (remaining gas: 1039371.884 units remaining)
    [  ]
  - location: 29 (remaining gas: 1039371.884 units remaining)
    [ (Pair {} { 1 ; 3 ; 5 ; 3 })  	 ]
  - location: -1 (remaining gas: 1039371.864 units remaining)
    [ (Pair {} { 1 ; 3 ; 5 ; 3 })  	 ]

