tests/test_contract_opcodes.py::TestContractOpcodes::test_contract_input_output[map_mem_string.tz-(Pair {} None)-"bar"-(Pair {} (Some False))]

storage
  (Pair {} (Some False))
emitted operations
  
big_map diff
  
trace
  - location: 11 (remaining gas: 1039374 units remaining)
    [ (Pair "bar" (Pair {} None))  	 ]
  - location: 14 (remaining gas: 1039373.900 units remaining)
    [ (Pair "bar" (Pair {} None))  	
      (Pair "bar" (Pair {} None))  	 ]
  - location: 15 (remaining gas: 1039373.840 units remaining)
    [ "bar"  	@parameter
      (Pair "bar" (Pair {} None))  	 ]
  - location: 18 (remaining gas: 1039373.720 units remaining)
    [ (Pair {} None)  	@storage ]
  - location: 17 (remaining gas: 1039373.700 units remaining)
    [ (Pair {} None)  	@storage ]
  - location: 16 (remaining gas: 1039373.700 units remaining)
    [ "bar"  	@parameter
      (Pair {} None)  	@storage ]
  - location: -1 (remaining gas: 1039373.680 units remaining)
    [ "bar"  	@parameter
      (Pair {} None)  	@storage ]
  - location: 12 (remaining gas: 1039373.660 units remaining)
    [ "bar"  	@parameter
      (Pair {} None)  	@storage ]
  - location: 21 (remaining gas: 1039373.540 units remaining)
    [ {}  	 ]
  - location: 22 (remaining gas: 1039373.480 units remaining)
    [ {}  	
      {}  	 ]
  - location: -1 (remaining gas: 1039373.460 units remaining)
    [ {}  	
      {}  	 ]
  - location: 19 (remaining gas: 1039373.460 units remaining)
    [ "bar"  	@parameter
      {}  	
      {}  	 ]
  - location: 23 (remaining gas: 1039373.418 units remaining)
    [ False  	
      {}  	 ]
  - location: 24 (remaining gas: 1039373.358 units remaining)
    [ (Some False)  	
      {}  	 ]
  - location: 25 (remaining gas: 1039373.298 units remaining)
    [ {}  	
      (Some False)  	 ]
  - location: 26 (remaining gas: 1039373.238 units remaining)
    [ (Pair {} (Some False))  	 ]
  - location: 27 (remaining gas: 1039373.178 units remaining)
    [ {}  	
      (Pair {} (Some False))  	 ]
  - location: 29 (remaining gas: 1039373.118 units remaining)
    [ (Pair {} (Pair {} (Some False)))  	 ]
  - location: -1 (remaining gas: 1039373.098 units remaining)
    [ (Pair {} (Pair {} (Some False)))  	 ]

