tests/test_contract_opcodes.py::TestContractOpcodes::test_contract_input_output[dip.tz-(Pair 0 0)-(Pair 15 9)-(Pair 15 24)]

storage
  (Pair 15 24)
emitted operations
  
big_map diff
  
trace
  - location: 10 (remaining gas: 1039461 units remaining)
    [ (Pair (Pair 15 9) (Pair 0 0))  	 ]
  - location: 11 (remaining gas: 1039460.940 units remaining)
    [ (Pair 15 9)  	@parameter ]
  - location: 14 (remaining gas: 1039460.840 units remaining)
    [ (Pair 15 9)  	@parameter
      (Pair 15 9)  	@parameter ]
  - location: 15 (remaining gas: 1039460.780 units remaining)
    [ 15  	
      (Pair 15 9)  	@parameter ]
  - location: 18 (remaining gas: 1039460.660 units remaining)
    [ 9  	 ]
  - location: 17 (remaining gas: 1039460.640 units remaining)
    [ 9  	 ]
  - location: 16 (remaining gas: 1039460.640 units remaining)
    [ 15  	
      9  	 ]
  - location: -1 (remaining gas: 1039460.620 units remaining)
    [ 15  	
      9  	 ]
  - location: 12 (remaining gas: 1039460.600 units remaining)
    [ 15  	
      9  	 ]
  - location: 19 (remaining gas: 1039460.540 units remaining)
    [ 15  	
      15  	
      9  	 ]
  - location: 22 (remaining gas: 1039460.338 units remaining)
    [ 24  	 ]
  - location: 21 (remaining gas: 1039460.318 units remaining)
    [ 24  	 ]
  - location: 20 (remaining gas: 1039460.318 units remaining)
    [ 15  	
      24  	 ]
  - location: 23 (remaining gas: 1039460.258 units remaining)
    [ (Pair 15 24)  	 ]
  - location: 24 (remaining gas: 1039460.198 units remaining)
    [ {}  	
      (Pair 15 24)  	 ]
  - location: 26 (remaining gas: 1039460.138 units remaining)
    [ (Pair {} (Pair 15 24))  	 ]
  - location: -1 (remaining gas: 1039460.118 units remaining)
    [ (Pair {} (Pair 15 24))  	 ]

