tests/test_contract_opcodes.py::TestContractOpcodes::test_contract_input_output[address.tz-None-"tz1cxcwwnzENRdhe2Kb8ZdTrdNy4bFNyScx5"-(Some "tz1cxcwwnzENRdhe2Kb8ZdTrdNy4bFNyScx5")]

storage
  (Some "tz1cxcwwnzENRdhe2Kb8ZdTrdNy4bFNyScx5")
emitted operations
  
big_map diff
  
trace
  - location: 8 (remaining gas: 1039589 units remaining)
    [ (Pair "tz1cxcwwnzENRdhe2Kb8ZdTrdNy4bFNyScx5" None)  	 ]
  - location: 9 (remaining gas: 1039588.940 units remaining)
    [ "tz1cxcwwnzENRdhe2Kb8ZdTrdNy4bFNyScx5"  	@parameter ]
  - location: 10 (remaining gas: 1039588.880 units remaining)
    [ "tz1cxcwwnzENRdhe2Kb8ZdTrdNy4bFNyScx5"  	@parameter.address ]
  - location: 11 (remaining gas: 1039588.820 units remaining)
    [ (Some "tz1cxcwwnzENRdhe2Kb8ZdTrdNy4bFNyScx5")  	 ]
  - location: 12 (remaining gas: 1039588.760 units remaining)
    [ {}  	
      (Some "tz1cxcwwnzENRdhe2Kb8ZdTrdNy4bFNyScx5")  	 ]
  - location: 14 (remaining gas: 1039588.700 units remaining)
    [ (Pair {} (Some "tz1cxcwwnzENRdhe2Kb8ZdTrdNy4bFNyScx5"))  	 ]
  - location: -1 (remaining gas: 1039588.680 units remaining)
    [ (Pair {} (Some "tz1cxcwwnzENRdhe2Kb8ZdTrdNy4bFNyScx5"))  	 ]

