tests/test_contract_opcodes.py::TestContractOpcodes::test_contract_input_output[list_concat.tz-"abc"-{}-"abc"]

storage
  "abc"
emitted operations
  
big_map diff
  
trace
  - location: 7 (remaining gas: 1039593 units remaining)
    [ (Pair {} "abc")  	 ]
  - location: 10 (remaining gas: 1039592.900 units remaining)
    [ (Pair {} "abc")  	
      (Pair {} "abc")  	 ]
  - location: 11 (remaining gas: 1039592.840 units remaining)
    [ {}  	@parameter
      (Pair {} "abc")  	 ]
  - location: 14 (remaining gas: 1039592.720 units remaining)
    [ "abc"  	@storage ]
  - location: 13 (remaining gas: 1039592.700 units remaining)
    [ "abc"  	@storage ]
  - location: 12 (remaining gas: 1039592.700 units remaining)
    [ {}  	@parameter
      "abc"  	@storage ]
  - location: -1 (remaining gas: 1039592.680 units remaining)
    [ {}  	@parameter
      "abc"  	@storage ]
  - location: 8 (remaining gas: 1039592.660 units remaining)
    [ {}  	@parameter
      "abc"  	@storage ]
  - location: 15 (remaining gas: 1039592.600 units remaining)
    [ "abc"  	@storage
      {}  	@parameter ]
  - location: 16 (remaining gas: 1039592.540 units remaining)
    [ { "abc" }  	 ]
  - location: 17 (remaining gas: 1039592.380 units remaining)
    [ "abc"  	 ]
  - location: 18 (remaining gas: 1039592.320 units remaining)
    [ {}  	
      "abc"  	 ]
  - location: 20 (remaining gas: 1039592.260 units remaining)
    [ (Pair {} "abc")  	 ]
  - location: -1 (remaining gas: 1039592.240 units remaining)
    [ (Pair {} "abc")  	 ]

