tests/test_contract_opcodes.py::TestContractOpcodes::test__big_map_contract_io[update_big_map.tz-(Pair { Elt "1" "one" ; Elt "2" "two" } Unit)-{ Elt "1" (Some "two") }-(Pair 0 Unit)-big_map_diff4]

storage
  (Pair 0 Unit)
emitted operations
  
big_map diff
  New map(0) of type (big_map string string)
  Set map(0)["1"] to "two"
  Set map(0)["2"] to "two"
trace
  - location: 13 (remaining gas: 1038965 units remaining)
    [ (Pair { Elt "1" (Some "two") } (Pair { Elt "1" "one" ; Elt "2" "two" } Unit))  	 ]
  - location: 16 (remaining gas: 1038964.900 units remaining)
    [ (Pair { Elt "1" (Some "two") } (Pair { Elt "1" "one" ; Elt "2" "two" } Unit))  	
      (Pair { Elt "1" (Some "two") } (Pair { Elt "1" "one" ; Elt "2" "two" } Unit))  	 ]
  - location: 17 (remaining gas: 1038964.840 units remaining)
    [ { Elt "1" (Some "two") }  	@parameter
      (Pair { Elt "1" (Some "two") } (Pair { Elt "1" "one" ; Elt "2" "two" } Unit))  	 ]
  - location: 20 (remaining gas: 1038964.720 units remaining)
    [ (Pair { Elt "1" "one" ; Elt "2" "two" } Unit)  	@storage ]
  - location: 19 (remaining gas: 1038964.700 units remaining)
    [ (Pair { Elt "1" "one" ; Elt "2" "two" } Unit)  	@storage ]
  - location: 18 (remaining gas: 1038964.700 units remaining)
    [ { Elt "1" (Some "two") }  	@parameter
      (Pair { Elt "1" "one" ; Elt "2" "two" } Unit)  	@storage ]
  - location: -1 (remaining gas: 1038964.680 units remaining)
    [ { Elt "1" (Some "two") }  	@parameter
      (Pair { Elt "1" "one" ; Elt "2" "two" } Unit)  	@storage ]
  - location: 24 (remaining gas: 1038964.540 units remaining)
    [ (Pair { Elt "1" "one" ; Elt "2" "two" } Unit)  	@storage
      (Pair { Elt "1" "one" ; Elt "2" "two" } Unit)  	@storage ]
  - location: 25 (remaining gas: 1038964.480 units remaining)
    [ { Elt "1" "one" ; Elt "2" "two" }  	
      (Pair { Elt "1" "one" ; Elt "2" "two" } Unit)  	@storage ]
  - location: 28 (remaining gas: 1038964.360 units remaining)
    [ Unit  	 ]
  - location: 27 (remaining gas: 1038964.340 units remaining)
    [ Unit  	 ]
  - location: 26 (remaining gas: 1038964.340 units remaining)
    [ { Elt "1" "one" ; Elt "2" "two" }  	
      Unit  	 ]
  - location: -1 (remaining gas: 1038964.320 units remaining)
    [ { Elt "1" "one" ; Elt "2" "two" }  	
      Unit  	 ]
  - location: 22 (remaining gas: 1038964.300 units remaining)
    [ { Elt "1" "one" ; Elt "2" "two" }  	
      Unit  	 ]
  - location: 21 (remaining gas: 1038964.300 units remaining)
    [ { Elt "1" (Some "two") }  	@parameter
      { Elt "1" "one" ; Elt "2" "two" }  	
      Unit  	 ]
  - location: -1 (remaining gas: 1038964.280 units remaining)
    [ { Elt "1" (Some "two") }  	@parameter
      { Elt "1" "one" ; Elt "2" "two" }  	
      Unit  	 ]
  - location: 33 (remaining gas: 1038964.060 units remaining)
    [ (Pair "1" (Some "two"))  	
      (Pair "1" (Some "two"))  	
      { Elt "1" "one" ; Elt "2" "two" }  	
      Unit  	 ]
  - location: 34 (remaining gas: 1038964 units remaining)
    [ "1"  	@key
      (Pair "1" (Some "two"))  	
      { Elt "1" "one" ; Elt "2" "two" }  	
      Unit  	 ]
  - location: 37 (remaining gas: 1038963.880 units remaining)
    [ (Some "two")  	@elt
      { Elt "1" "one" ; Elt "2" "two" }  	
      Unit  	 ]
  - location: 36 (remaining gas: 1038963.860 units remaining)
    [ (Some "two")  	@elt
      { Elt "1" "one" ; Elt "2" "two" }  	
      Unit  	 ]
  - location: 35 (remaining gas: 1038963.860 units remaining)
    [ "1"  	@key
      (Some "two")  	@elt
      { Elt "1" "one" ; Elt "2" "two" }  	
      Unit  	 ]
  - location: -1 (remaining gas: 1038963.840 units remaining)
    [ "1"  	@key
      (Some "two")  	@elt
      { Elt "1" "one" ; Elt "2" "two" }  	
      Unit  	 ]
  - location: 31 (remaining gas: 1038963.820 units remaining)
    [ "1"  	@key
      (Some "two")  	@elt
      { Elt "1" "one" ; Elt "2" "two" }  	
      Unit  	 ]
  - location: 38 (remaining gas: 1038963.774 units remaining)
    [ { Elt "1" "two" ; Elt "2" "two" }  	
      Unit  	 ]
  - location: -1 (remaining gas: 1038963.754 units remaining)
    [ { Elt "1" "two" ; Elt "2" "two" }  	
      Unit  	 ]
  - location: 29 (remaining gas: 1038963.754 units remaining)
    [ { Elt "1" "two" ; Elt "2" "two" }  	
      Unit  	 ]
  - location: 39 (remaining gas: 1038963.694 units remaining)
    [ (Pair { Elt "1" "two" ; Elt "2" "two" } Unit)  	 ]
  - location: 40 (remaining gas: 1038963.634 units remaining)
    [ {}  	
      (Pair { Elt "1" "two" ; Elt "2" "two" } Unit)  	 ]
  - location: 42 (remaining gas: 1038963.574 units remaining)
    [ (Pair {} (Pair { Elt "1" "two" ; Elt "2" "two" } Unit))  	 ]
  - location: -1 (remaining gas: 1038963.554 units remaining)
    [ (Pair {} (Pair { Elt "1" "two" ; Elt "2" "two" } Unit))  	 ]

