tests/test_contract_opcodes.py::TestContractOpcodes::test_contract_input_output[ediv_mutez.tz-(Left None)-(Pair 10 (Right 0))-(Right None)]

storage
  (Right None)
emitted operations
  
big_map diff
  
trace
  - location: 18 (remaining gas: 1039095 units remaining)
    [ (Pair (Pair 10 (Right 0)) (Left None))  	 ]
  - location: 19 (remaining gas: 1039094.940 units remaining)
    [ (Pair 10 (Right 0))  	@parameter ]
  - location: 22 (remaining gas: 1039094.840 units remaining)
    [ (Pair 10 (Right 0))  	@parameter
      (Pair 10 (Right 0))  	@parameter ]
  - location: 23 (remaining gas: 1039094.780 units remaining)
    [ 10  	
      (Pair 10 (Right 0))  	@parameter ]
  - location: 26 (remaining gas: 1039094.660 units remaining)
    [ (Right 0)  	 ]
  - location: 25 (remaining gas: 1039094.640 units remaining)
    [ (Right 0)  	 ]
  - location: 24 (remaining gas: 1039094.640 units remaining)
    [ 10  	
      (Right 0)  	 ]
  - location: -1 (remaining gas: 1039094.620 units remaining)
    [ 10  	
      (Right 0)  	 ]
  - location: 20 (remaining gas: 1039094.600 units remaining)
    [ 10  	
      (Right 0)  	 ]
  - location: 27 (remaining gas: 1039094.540 units remaining)
    [ (Right 0)  	
      10  	 ]
  - location: 38 (remaining gas: 1039094.420 units remaining)
    [ 10  	
      0  	 ]
  - location: 39 (remaining gas: 1039094.238 units remaining)
    [ None  	 ]
  - location: 40 (remaining gas: 1039094.178 units remaining)
    [ (Right None)  	 ]
  - location: -1 (remaining gas: 1039094.158 units remaining)
    [ (Right None)  	 ]
  - location: 45 (remaining gas: 1039094.098 units remaining)
    [ {}  	
      (Right None)  	 ]
  - location: 47 (remaining gas: 1039094.038 units remaining)
    [ (Pair {} (Right None))  	 ]
  - location: -1 (remaining gas: 1039094.018 units remaining)
    [ (Pair {} (Right None))  	 ]

