tests/test_contract_opcodes.py::TestContractOpcodes::test_contract_input_output[list_concat_bytes.tz-0x-{}-0x]

storage
  0x
emitted operations
  
big_map diff
  
trace
  - location: 7 (remaining gas: 1039595 units remaining)
    [ (Pair {} 0x)  	 ]
  - location: 10 (remaining gas: 1039594.900 units remaining)
    [ (Pair {} 0x)  	
      (Pair {} 0x)  	 ]
  - location: 11 (remaining gas: 1039594.840 units remaining)
    [ {}  	@parameter
      (Pair {} 0x)  	 ]
  - location: 14 (remaining gas: 1039594.720 units remaining)
    [ 0x  	@storage ]
  - location: 13 (remaining gas: 1039594.700 units remaining)
    [ 0x  	@storage ]
  - location: 12 (remaining gas: 1039594.700 units remaining)
    [ {}  	@parameter
      0x  	@storage ]
  - location: -1 (remaining gas: 1039594.680 units remaining)
    [ {}  	@parameter
      0x  	@storage ]
  - location: 8 (remaining gas: 1039594.660 units remaining)
    [ {}  	@parameter
      0x  	@storage ]
  - location: 15 (remaining gas: 1039594.600 units remaining)
    [ 0x  	@storage
      {}  	@parameter ]
  - location: 16 (remaining gas: 1039594.540 units remaining)
    [ { 0x }  	 ]
  - location: 17 (remaining gas: 1039594.380 units remaining)
    [ 0x  	 ]
  - location: 18 (remaining gas: 1039594.320 units remaining)
    [ {}  	
      0x  	 ]
  - location: 20 (remaining gas: 1039594.260 units remaining)
    [ (Pair {} 0x)  	 ]
  - location: -1 (remaining gas: 1039594.240 units remaining)
    [ (Pair {} 0x)  	 ]

