tests/test_contract_opcodes.py::TestContractOpcodes::test_contract_input_output[map_mem_nat.tz-(Pair { Elt 1 0 } None)-1-(Pair { Elt 1 0 } (Some True))]

storage
  (Pair { Elt 1 0 } (Some True))
emitted operations
  
big_map diff
  
trace
  - location: 11 (remaining gas: 1039342 units remaining)
    [ (Pair 1 (Pair { Elt 1 0 } None))  	 ]
  - location: 14 (remaining gas: 1039341.900 units remaining)
    [ (Pair 1 (Pair { Elt 1 0 } None))  	
      (Pair 1 (Pair { Elt 1 0 } None))  	 ]
  - location: 15 (remaining gas: 1039341.840 units remaining)
    [ 1  	@parameter
      (Pair 1 (Pair { Elt 1 0 } None))  	 ]
  - location: 18 (remaining gas: 1039341.720 units remaining)
    [ (Pair { Elt 1 0 } None)  	@storage ]
  - location: 17 (remaining gas: 1039341.700 units remaining)
    [ (Pair { Elt 1 0 } None)  	@storage ]
  - location: 16 (remaining gas: 1039341.700 units remaining)
    [ 1  	@parameter
      (Pair { Elt 1 0 } None)  	@storage ]
  - location: -1 (remaining gas: 1039341.680 units remaining)
    [ 1  	@parameter
      (Pair { Elt 1 0 } None)  	@storage ]
  - location: 12 (remaining gas: 1039341.660 units remaining)
    [ 1  	@parameter
      (Pair { Elt 1 0 } None)  	@storage ]
  - location: 21 (remaining gas: 1039341.540 units remaining)
    [ { Elt 1 0 }  	 ]
  - location: 22 (remaining gas: 1039341.480 units remaining)
    [ { Elt 1 0 }  	
      { Elt 1 0 }  	 ]
  - location: -1 (remaining gas: 1039341.460 units remaining)
    [ { Elt 1 0 }  	
      { Elt 1 0 }  	 ]
  - location: 19 (remaining gas: 1039341.460 units remaining)
    [ 1  	@parameter
      { Elt 1 0 }  	
      { Elt 1 0 }  	 ]
  - location: 23 (remaining gas: 1039341.416 units remaining)
    [ True  	
      { Elt 1 0 }  	 ]
  - location: 24 (remaining gas: 1039341.356 units remaining)
    [ (Some True)  	
      { Elt 1 0 }  	 ]
  - location: 25 (remaining gas: 1039341.296 units remaining)
    [ { Elt 1 0 }  	
      (Some True)  	 ]
  - location: 26 (remaining gas: 1039341.236 units remaining)
    [ (Pair { Elt 1 0 } (Some True))  	 ]
  - location: 27 (remaining gas: 1039341.176 units remaining)
    [ {}  	
      (Pair { Elt 1 0 } (Some True))  	 ]
  - location: 29 (remaining gas: 1039341.116 units remaining)
    [ (Pair {} (Pair { Elt 1 0 } (Some True)))  	 ]
  - location: -1 (remaining gas: 1039341.096 units remaining)
    [ (Pair {} (Pair { Elt 1 0 } (Some True)))  	 ]

