tests/test_contract_opcodes.py::TestContractOpcodes::test_contract_input_output[not_binary.tz-None-(Right 8)-(Some -9)]

storage
  (Some -9)
emitted operations
  
big_map diff
  
trace
  - location: 9 (remaining gas: 1039681 units remaining)
    [ (Pair (Right 8) None)  	 ]
  - location: 10 (remaining gas: 1039680.940 units remaining)
    [ (Right 8)  	@parameter ]
  - location: 15 (remaining gas: 1039680.738 units remaining)
    [ -9  	 ]
  - location: 14 (remaining gas: 1039680.718 units remaining)
    [ -9  	 ]
  - location: 16 (remaining gas: 1039680.658 units remaining)
    [ (Some -9)  	 ]
  - location: 17 (remaining gas: 1039680.598 units remaining)
    [ {}  	
      (Some -9)  	 ]
  - location: 19 (remaining gas: 1039680.538 units remaining)
    [ (Pair {} (Some -9))  	 ]
  - location: -1 (remaining gas: 1039680.518 units remaining)
    [ (Pair {} (Some -9))  	 ]

