tests/test_contract_opcodes.py::TestContractOpcodes::test_contract_input_output[list_concat_bytes.tz-0x00ab-{ 0xcd ; 0xef ; 0x00 }-0x00abcdef00]

storage
  0x00abcdef00
emitted operations
  
big_map diff
  
trace
  - location: 7 (remaining gas: 1039557 units remaining)
    [ (Pair { 0xcd ; 0xef ; 0x00 } 0x00ab)  	 ]
  - location: 10 (remaining gas: 1039556.900 units remaining)
    [ (Pair { 0xcd ; 0xef ; 0x00 } 0x00ab)  	
      (Pair { 0xcd ; 0xef ; 0x00 } 0x00ab)  	 ]
  - location: 11 (remaining gas: 1039556.840 units remaining)
    [ { 0xcd ; 0xef ; 0x00 }  	@parameter
      (Pair { 0xcd ; 0xef ; 0x00 } 0x00ab)  	 ]
  - location: 14 (remaining gas: 1039556.720 units remaining)
    [ 0x00ab  	@storage ]
  - location: 13 (remaining gas: 1039556.700 units remaining)
    [ 0x00ab  	@storage ]
  - location: 12 (remaining gas: 1039556.700 units remaining)
    [ { 0xcd ; 0xef ; 0x00 }  	@parameter
      0x00ab  	@storage ]
  - location: -1 (remaining gas: 1039556.680 units remaining)
    [ { 0xcd ; 0xef ; 0x00 }  	@parameter
      0x00ab  	@storage ]
  - location: 8 (remaining gas: 1039556.660 units remaining)
    [ { 0xcd ; 0xef ; 0x00 }  	@parameter
      0x00ab  	@storage ]
  - location: 15 (remaining gas: 1039556.600 units remaining)
    [ 0x00ab  	@storage
      { 0xcd ; 0xef ; 0x00 }  	@parameter ]
  - location: 16 (remaining gas: 1039556.540 units remaining)
    [ { 0x00ab ; 0xcd ; 0xef ; 0x00 }  	 ]
  - location: 17 (remaining gas: 1039556.200 units remaining)
    [ 0x00abcdef00  	 ]
  - location: 18 (remaining gas: 1039556.140 units remaining)
    [ {}  	
      0x00abcdef00  	 ]
  - location: 20 (remaining gas: 1039556.080 units remaining)
    [ (Pair {} 0x00abcdef00)  	 ]
  - location: -1 (remaining gas: 1039556.060 units remaining)
    [ (Pair {} 0x00abcdef00)  	 ]

