tests/test_contract_opcodes.py::TestContractOpcodes::test_contract_input_output[map_size.tz-111-{}-0]

storage
  0
emitted operations
  
big_map diff
  
trace
  - location: 8 (remaining gas: 1039801 units remaining)
    [ (Pair {} 111)  	 ]
  - location: 9 (remaining gas: 1039800.940 units remaining)
    [ {}  	@parameter ]
  - location: 10 (remaining gas: 1039800.880 units remaining)
    [ 0  	 ]
  - location: 11 (remaining gas: 1039800.820 units remaining)
    [ {}  	
      0  	 ]
  - location: 13 (remaining gas: 1039800.760 units remaining)
    [ (Pair {} 0)  	 ]
  - location: -1 (remaining gas: 1039800.740 units remaining)
    [ (Pair {} 0)  	 ]

