tests/test_contract_opcodes.py::TestContractOpcodes::test_contract_input_output[map_iter.tz-(Pair 0 0)-{ Elt 0 100 ; Elt 2 100 }-(Pair 2 200)]

storage
  (Pair 2 200)
emitted operations
  
big_map diff
  
trace
  - location: 10 (remaining gas: 1039026 units remaining)
    [ (Pair { Elt 0 100 ; Elt 2 100 } (Pair 0 0))  	 ]
  - location: 11 (remaining gas: 1039025.940 units remaining)
    [ { Elt 0 100 ; Elt 2 100 }  	@parameter ]
  - location: 12 (remaining gas: 1039025.880 units remaining)
    [ 0  	@acc_e
      { Elt 0 100 ; Elt 2 100 }  	@parameter ]
  - location: 15 (remaining gas: 1039025.820 units remaining)
    [ 0  	@acc_k
      0  	@acc_e
      { Elt 0 100 ; Elt 2 100 }  	@parameter ]
  - location: 18 (remaining gas: 1039025.760 units remaining)
    [ (Pair 0 0)  	
      { Elt 0 100 ; Elt 2 100 }  	@parameter ]
  - location: 19 (remaining gas: 1039025.700 units remaining)
    [ { Elt 0 100 ; Elt 2 100 }  	@parameter
      (Pair 0 0)  	 ]
  - location: 24 (remaining gas: 1039025.420 units remaining)
    [ (Pair 0 0)  	
      (Pair 0 0)  	 ]
  - location: 25 (remaining gas: 1039025.360 units remaining)
    [ 0  	@acc_k
      (Pair 0 0)  	 ]
  - location: 28 (remaining gas: 1039025.240 units remaining)
    [ 0  	@acc_e ]
  - location: 27 (remaining gas: 1039025.220 units remaining)
    [ 0  	@acc_e ]
  - location: 26 (remaining gas: 1039025.220 units remaining)
    [ 0  	@acc_k
      0  	@acc_e ]
  - location: -1 (remaining gas: 1039025.200 units remaining)
    [ 0  	@acc_k
      0  	@acc_e ]
  - location: 22 (remaining gas: 1039025.200 units remaining)
    [ (Pair 0 100)  	
      0  	@acc_k
      0  	@acc_e ]
  - location: 29 (remaining gas: 1039025.140 units remaining)
    [ (Pair 0 100)  	
      (Pair 0 100)  	
      0  	@acc_k
      0  	@acc_e ]
  - location: 32 (remaining gas: 1039025.020 units remaining)
    [ 0  	@key
      0  	@acc_k
      0  	@acc_e ]
  - location: 33 (remaining gas: 1039024.878 units remaining)
    [ 0  	
      0  	@acc_e ]
  - location: -1 (remaining gas: 1039024.858 units remaining)
    [ 0  	
      0  	@acc_e ]
  - location: 30 (remaining gas: 1039024.858 units remaining)
    [ (Pair 0 100)  	
      0  	
      0  	@acc_e ]
  - location: 34 (remaining gas: 1039024.798 units remaining)
    [ 0  	
      (Pair 0 100)  	
      0  	@acc_e ]
  - location: 37 (remaining gas: 1039024.678 units remaining)
    [ 100  	@elt
      0  	@acc_e ]
  - location: 38 (remaining gas: 1039024.536 units remaining)
    [ 100  	 ]
  - location: -1 (remaining gas: 1039024.516 units remaining)
    [ 100  	 ]
  - location: 35 (remaining gas: 1039024.516 units remaining)
    [ 0  	
      100  	 ]
  - location: 39 (remaining gas: 1039024.456 units remaining)
    [ (Pair 0 100)  	 ]
  - location: -1 (remaining gas: 1039024.436 units remaining)
    [ (Pair 0 100)  	 ]
  - location: 24 (remaining gas: 1039024.316 units remaining)
    [ (Pair 0 100)  	
      (Pair 0 100)  	 ]
  - location: 25 (remaining gas: 1039024.256 units remaining)
    [ 0  	@acc_k
      (Pair 0 100)  	 ]
  - location: 28 (remaining gas: 1039024.136 units remaining)
    [ 100  	@acc_e ]
  - location: 27 (remaining gas: 1039024.116 units remaining)
    [ 100  	@acc_e ]
  - location: 26 (remaining gas: 1039024.116 units remaining)
    [ 0  	@acc_k
      100  	@acc_e ]
  - location: -1 (remaining gas: 1039024.096 units remaining)
    [ 0  	@acc_k
      100  	@acc_e ]
  - location: 22 (remaining gas: 1039024.096 units remaining)
    [ (Pair 2 100)  	
      0  	@acc_k
      100  	@acc_e ]
  - location: 29 (remaining gas: 1039024.036 units remaining)
    [ (Pair 2 100)  	
      (Pair 2 100)  	
      0  	@acc_k
      100  	@acc_e ]
  - location: 32 (remaining gas: 1039023.916 units remaining)
    [ 2  	@key
      0  	@acc_k
      100  	@acc_e ]
  - location: 33 (remaining gas: 1039023.774 units remaining)
    [ 2  	
      100  	@acc_e ]
  - location: -1 (remaining gas: 1039023.754 units remaining)
    [ 2  	
      100  	@acc_e ]
  - location: 30 (remaining gas: 1039023.754 units remaining)
    [ (Pair 2 100)  	
      2  	
      100  	@acc_e ]
  - location: 34 (remaining gas: 1039023.694 units remaining)
    [ 2  	
      (Pair 2 100)  	
      100  	@acc_e ]
  - location: 37 (remaining gas: 1039023.574 units remaining)
    [ 100  	@elt
      100  	@acc_e ]
  - location: 38 (remaining gas: 1039023.432 units remaining)
    [ 200  	 ]
  - location: -1 (remaining gas: 1039023.412 units remaining)
    [ 200  	 ]
  - location: 35 (remaining gas: 1039023.412 units remaining)
    [ 2  	
      200  	 ]
  - location: 39 (remaining gas: 1039023.352 units remaining)
    [ (Pair 2 200)  	 ]
  - location: -1 (remaining gas: 1039023.332 units remaining)
    [ (Pair 2 200)  	 ]
  - location: 20 (remaining gas: 1039023.332 units remaining)
    [ (Pair 2 200)  	 ]
  - location: 40 (remaining gas: 1039023.272 units remaining)
    [ {}  	
      (Pair 2 200)  	 ]
  - location: 42 (remaining gas: 1039023.212 units remaining)
    [ (Pair {} (Pair 2 200))  	 ]
  - location: -1 (remaining gas: 1039023.192 units remaining)
    [ (Pair {} (Pair 2 200))  	 ]

