tests/test_contract_opcodes.py::TestContractOpcodes::test_big_map_magic[(Left (Pair { Elt "1" "one" } { Elt "2" "two" }))-(Right (Left (Right Unit)))-(Right Unit)-big_map_diff2]

storage
  (Right Unit)
emitted operations
  
big_map diff
  
trace
  - location: 42 (remaining gas: 1035813 units remaining)
    [ (Pair (Right (Left (Right Unit))) (Left (Pair { Elt "1" "one" } { Elt "2" "two" })))  	 ]
  - location: 45 (remaining gas: 1035812.900 units remaining)
    [ (Pair (Right (Left (Right Unit))) (Left (Pair { Elt "1" "one" } { Elt "2" "two" })))  	
      (Pair (Right (Left (Right Unit))) (Left (Pair { Elt "1" "one" } { Elt "2" "two" })))  	 ]
  - location: 46 (remaining gas: 1035812.840 units remaining)
    [ (Right (Left (Right Unit)))  	@parameter
      (Pair (Right (Left (Right Unit))) (Left (Pair { Elt "1" "one" } { Elt "2" "two" })))  	 ]
  - location: 49 (remaining gas: 1035812.720 units remaining)
    [ (Left (Pair { Elt "1" "one" } { Elt "2" "two" }))  	@storage ]
  - location: 48 (remaining gas: 1035812.700 units remaining)
    [ (Left (Pair { Elt "1" "one" } { Elt "2" "two" }))  	@storage ]
  - location: 47 (remaining gas: 1035812.700 units remaining)
    [ (Right (Left (Right Unit)))  	@parameter
      (Left (Pair { Elt "1" "one" } { Elt "2" "two" }))  	@storage ]
  - location: -1 (remaining gas: 1035812.680 units remaining)
    [ (Right (Left (Right Unit)))  	@parameter
      (Left (Pair { Elt "1" "one" } { Elt "2" "two" }))  	@storage ]
  - location: 43 (remaining gas: 1035812.660 units remaining)
    [ (Right (Left (Right Unit)))  	@parameter
      (Left (Pair { Elt "1" "one" } { Elt "2" "two" }))  	@storage ]
  - location: 74 (remaining gas: 1035812.480 units remaining)
    [ (Left (Pair { Elt "1" "one" } { Elt "2" "two" }))  	@storage
      (Right Unit)  	@parameter.right.reset ]
  - location: 75 (remaining gas: 1035812.420 units remaining)
    [ (Right Unit)  	@parameter.right.reset ]
  - location: -1 (remaining gas: 1035812.400 units remaining)
    [ (Right Unit)  	@parameter.right.reset ]
  - location: 71 (remaining gas: 1035812.380 units remaining)
    [ (Right Unit)  	 ]
  - location: 199 (remaining gas: 1035812.320 units remaining)
    [ {}  	
      (Right Unit)  	 ]
  - location: 201 (remaining gas: 1035812.260 units remaining)
    [ (Pair {} (Right Unit))  	 ]
  - location: -1 (remaining gas: 1035812.240 units remaining)
    [ (Pair {} (Right Unit))  	 ]

