tests/test_contract_opcodes.py::TestContractOpcodes::test_contract_input_output[xor.tz-None-Right (Pair 1 0)-(Some (Right 1))]

storage
  (Some (Right 1))
emitted operations
  
big_map diff
  
trace
  - location: 15 (remaining gas: 1039151 units remaining)
    [ (Pair (Right (Pair 1 0)) None)  	 ]
  - location: 16 (remaining gas: 1039150.940 units remaining)
    [ (Right (Pair 1 0))  	@parameter ]
  - location: 32 (remaining gas: 1039150.780 units remaining)
    [ (Pair 1 0)  	@parameter.right
      (Pair 1 0)  	@parameter.right ]
  - location: 33 (remaining gas: 1039150.720 units remaining)
    [ 1  	
      (Pair 1 0)  	@parameter.right ]
  - location: 36 (remaining gas: 1039150.600 units remaining)
    [ 0  	 ]
  - location: 35 (remaining gas: 1039150.580 units remaining)
    [ 0  	 ]
  - location: 34 (remaining gas: 1039150.580 units remaining)
    [ 1  	
      0  	 ]
  - location: -1 (remaining gas: 1039150.560 units remaining)
    [ 1  	
      0  	 ]
  - location: 30 (remaining gas: 1039150.540 units remaining)
    [ 1  	
      0  	 ]
  - location: 37 (remaining gas: 1039150.398 units remaining)
    [ 1  	 ]
  - location: 38 (remaining gas: 1039150.338 units remaining)
    [ (Right 1)  	 ]
  - location: -1 (remaining gas: 1039150.318 units remaining)
    [ (Right 1)  	 ]
  - location: 40 (remaining gas: 1039150.258 units remaining)
    [ (Some (Right 1))  	 ]
  - location: 41 (remaining gas: 1039150.198 units remaining)
    [ {}  	
      (Some (Right 1))  	 ]
  - location: 43 (remaining gas: 1039150.138 units remaining)
    [ (Pair {} (Some (Right 1)))  	 ]
  - location: -1 (remaining gas: 1039150.118 units remaining)
    [ (Pair {} (Some (Right 1)))  	 ]

