tests/test_contract_opcodes.py::TestContractOpcodes::test_contract_input_output[slice.tz-Some "Foo"-Pair 1 1-(Some "o")]

storage
  (Some "o")
emitted operations
  
big_map diff
  
trace
  - location: 9 (remaining gas: 1039242 units remaining)
    [ (Pair (Pair 1 1) (Some "Foo"))  	 ]
  - location: 12 (remaining gas: 1039241.900 units remaining)
    [ (Pair (Pair 1 1) (Some "Foo"))  	
      (Pair (Pair 1 1) (Some "Foo"))  	 ]
  - location: 13 (remaining gas: 1039241.840 units remaining)
    [ (Pair 1 1)  	@parameter
      (Pair (Pair 1 1) (Some "Foo"))  	 ]
  - location: 16 (remaining gas: 1039241.720 units remaining)
    [ (Some "Foo")  	@storage ]
  - location: 15 (remaining gas: 1039241.700 units remaining)
    [ (Some "Foo")  	@storage ]
  - location: 14 (remaining gas: 1039241.700 units remaining)
    [ (Pair 1 1)  	@parameter
      (Some "Foo")  	@storage ]
  - location: -1 (remaining gas: 1039241.680 units remaining)
    [ (Pair 1 1)  	@parameter
      (Some "Foo")  	@storage ]
  - location: 10 (remaining gas: 1039241.660 units remaining)
    [ (Pair 1 1)  	@parameter
      (Some "Foo")  	@storage ]
  - location: 17 (remaining gas: 1039241.600 units remaining)
    [ (Some "Foo")  	@storage
      (Pair 1 1)  	@parameter ]
  - location: 25 (remaining gas: 1039241.460 units remaining)
    [ (Pair 1 1)  	@parameter
      "Foo"  	@storage.some ]
  - location: 28 (remaining gas: 1039241.360 units remaining)
    [ (Pair 1 1)  	@parameter
      (Pair 1 1)  	@parameter
      "Foo"  	@storage.some ]
  - location: 29 (remaining gas: 1039241.300 units remaining)
    [ 1  	
      (Pair 1 1)  	@parameter
      "Foo"  	@storage.some ]
  - location: 32 (remaining gas: 1039241.180 units remaining)
    [ 1  	
      "Foo"  	@storage.some ]
  - location: 31 (remaining gas: 1039241.160 units remaining)
    [ 1  	
      "Foo"  	@storage.some ]
  - location: 30 (remaining gas: 1039241.160 units remaining)
    [ 1  	
      1  	
      "Foo"  	@storage.some ]
  - location: -1 (remaining gas: 1039241.140 units remaining)
    [ 1  	
      1  	
      "Foo"  	@storage.some ]
  - location: 26 (remaining gas: 1039241.120 units remaining)
    [ 1  	
      1  	
      "Foo"  	@storage.some ]
  - location: 33 (remaining gas: 1039241 units remaining)
    [ (Some "o")  	@storage.some.slice ]
  - location: -1 (remaining gas: 1039240.980 units remaining)
    [ (Some "o")  	@storage.some.slice ]
  - location: 18 (remaining gas: 1039240.960 units remaining)
    [ (Some "o")  	 ]
  - location: 34 (remaining gas: 1039240.900 units remaining)
    [ {}  	
      (Some "o")  	 ]
  - location: 36 (remaining gas: 1039240.840 units remaining)
    [ (Pair {} (Some "o"))  	 ]
  - location: -1 (remaining gas: 1039240.820 units remaining)
    [ (Pair {} (Some "o"))  	 ]

