tests/test_contract_opcodes.py::TestContractOpcodes::test_contract_input_output[dign.tz-0-(Pair (Pair (Pair (Pair 1 2) 3) 4) 5)-5]

storage
  5
emitted operations
  
big_map diff
  
trace
  - location: 14 (remaining gas: 1038819 units remaining)
    [ (Pair (Pair (Pair (Pair (Pair 1 2) 3) 4) 5) 0)  	 ]
  - location: 15 (remaining gas: 1038818.940 units remaining)
    [ (Pair (Pair (Pair (Pair 1 2) 3) 4) 5)  	@parameter ]
  - location: 18 (remaining gas: 1038818.840 units remaining)
    [ (Pair (Pair (Pair (Pair 1 2) 3) 4) 5)  	@parameter
      (Pair (Pair (Pair (Pair 1 2) 3) 4) 5)  	@parameter ]
  - location: 19 (remaining gas: 1038818.780 units remaining)
    [ (Pair (Pair (Pair 1 2) 3) 4)  	
      (Pair (Pair (Pair (Pair 1 2) 3) 4) 5)  	@parameter ]
  - location: 22 (remaining gas: 1038818.660 units remaining)
    [ 5  	 ]
  - location: 21 (remaining gas: 1038818.640 units remaining)
    [ 5  	 ]
  - location: 20 (remaining gas: 1038818.640 units remaining)
    [ (Pair (Pair (Pair 1 2) 3) 4)  	
      5  	 ]
  - location: -1 (remaining gas: 1038818.620 units remaining)
    [ (Pair (Pair (Pair 1 2) 3) 4)  	
      5  	 ]
  - location: 16 (remaining gas: 1038818.600 units remaining)
    [ (Pair (Pair (Pair 1 2) 3) 4)  	
      5  	 ]
  - location: 25 (remaining gas: 1038818.500 units remaining)
    [ (Pair (Pair (Pair 1 2) 3) 4)  	
      (Pair (Pair (Pair 1 2) 3) 4)  	
      5  	 ]
  - location: 26 (remaining gas: 1038818.440 units remaining)
    [ (Pair (Pair 1 2) 3)  	
      (Pair (Pair (Pair 1 2) 3) 4)  	
      5  	 ]
  - location: 29 (remaining gas: 1038818.320 units remaining)
    [ 4  	
      5  	 ]
  - location: 28 (remaining gas: 1038818.300 units remaining)
    [ 4  	
      5  	 ]
  - location: 27 (remaining gas: 1038818.300 units remaining)
    [ (Pair (Pair 1 2) 3)  	
      4  	
      5  	 ]
  - location: -1 (remaining gas: 1038818.280 units remaining)
    [ (Pair (Pair 1 2) 3)  	
      4  	
      5  	 ]
  - location: 23 (remaining gas: 1038818.260 units remaining)
    [ (Pair (Pair 1 2) 3)  	
      4  	
      5  	 ]
  - location: 32 (remaining gas: 1038818.160 units remaining)
    [ (Pair (Pair 1 2) 3)  	
      (Pair (Pair 1 2) 3)  	
      4  	
      5  	 ]
  - location: 33 (remaining gas: 1038818.100 units remaining)
    [ (Pair 1 2)  	
      (Pair (Pair 1 2) 3)  	
      4  	
      5  	 ]
  - location: 36 (remaining gas: 1038817.980 units remaining)
    [ 3  	
      4  	
      5  	 ]
  - location: 35 (remaining gas: 1038817.960 units remaining)
    [ 3  	
      4  	
      5  	 ]
  - location: 34 (remaining gas: 1038817.960 units remaining)
    [ (Pair 1 2)  	
      3  	
      4  	
      5  	 ]
  - location: -1 (remaining gas: 1038817.940 units remaining)
    [ (Pair 1 2)  	
      3  	
      4  	
      5  	 ]
  - location: 30 (remaining gas: 1038817.920 units remaining)
    [ (Pair 1 2)  	
      3  	
      4  	
      5  	 ]
  - location: 39 (remaining gas: 1038817.820 units remaining)
    [ (Pair 1 2)  	
      (Pair 1 2)  	
      3  	
      4  	
      5  	 ]
  - location: 40 (remaining gas: 1038817.760 units remaining)
    [ 1  	
      (Pair 1 2)  	
      3  	
      4  	
      5  	 ]
  - location: 43 (remaining gas: 1038817.640 units remaining)
    [ 2  	
      3  	
      4  	
      5  	 ]
  - location: 42 (remaining gas: 1038817.620 units remaining)
    [ 2  	
      3  	
      4  	
      5  	 ]
  - location: 41 (remaining gas: 1038817.620 units remaining)
    [ 1  	
      2  	
      3  	
      4  	
      5  	 ]
  - location: -1 (remaining gas: 1038817.600 units remaining)
    [ 1  	
      2  	
      3  	
      4  	
      5  	 ]
  - location: 37 (remaining gas: 1038817.580 units remaining)
    [ 1  	
      2  	
      3  	
      4  	
      5  	 ]
  - location: 44 (remaining gas: 1038817.494 units remaining)
    [ 5  	
      1  	
      2  	
      3  	
      4  	 ]
  - location: 48 (remaining gas: 1038817.374 units remaining)
    [ 2  	
      3  	
      4  	 ]
  - location: 49 (remaining gas: 1038817.314 units remaining)
    [ 3  	
      4  	 ]
  - location: 50 (remaining gas: 1038817.254 units remaining)
    [ 4  	 ]
  - location: 51 (remaining gas: 1038817.194 units remaining)
    [  ]
  - location: -1 (remaining gas: 1038817.174 units remaining)
    [  ]
  - location: 46 (remaining gas: 1038817.174 units remaining)
    [ 5  	 ]
  - location: 52 (remaining gas: 1038817.114 units remaining)
    [ {}  	
      5  	 ]
  - location: 54 (remaining gas: 1038817.054 units remaining)
    [ (Pair {} 5)  	 ]
  - location: -1 (remaining gas: 1038817.034 units remaining)
    [ (Pair {} 5)  	 ]

