tests/test_contract_opcodes.py::TestContractOpcodes::test_contract_input_output[or_binary.tz-None-(Pair 14 1)-(Some 15)]

storage
  (Some 15)
emitted operations
  
big_map diff
  
trace
  - location: 9 (remaining gas: 1039555 units remaining)
    [ (Pair (Pair 14 1) None)  	 ]
  - location: 10 (remaining gas: 1039554.940 units remaining)
    [ (Pair 14 1)  	@parameter ]
  - location: 13 (remaining gas: 1039554.840 units remaining)
    [ (Pair 14 1)  	@parameter
      (Pair 14 1)  	@parameter ]
  - location: 14 (remaining gas: 1039554.780 units remaining)
    [ 14  	
      (Pair 14 1)  	@parameter ]
  - location: 17 (remaining gas: 1039554.660 units remaining)
    [ 1  	 ]
  - location: 16 (remaining gas: 1039554.640 units remaining)
    [ 1  	 ]
  - location: 15 (remaining gas: 1039554.640 units remaining)
    [ 14  	
      1  	 ]
  - location: -1 (remaining gas: 1039554.620 units remaining)
    [ 14  	
      1  	 ]
  - location: 11 (remaining gas: 1039554.600 units remaining)
    [ 14  	
      1  	 ]
  - location: 18 (remaining gas: 1039554.458 units remaining)
    [ 15  	 ]
  - location: 19 (remaining gas: 1039554.398 units remaining)
    [ (Some 15)  	 ]
  - location: 20 (remaining gas: 1039554.338 units remaining)
    [ {}  	
      (Some 15)  	 ]
  - location: 22 (remaining gas: 1039554.278 units remaining)
    [ (Pair {} (Some 15))  	 ]
  - location: -1 (remaining gas: 1039554.258 units remaining)
    [ (Pair {} (Some 15))  	 ]

