tests/test_contract_opcodes.py::TestContractOpcodes::test_contract_input_output[big_map_mem_string.tz-(Pair { Elt "bar" 4 ; Elt "foo" 11 } None)-"foo"-(Pair 0 (Some True))]

storage
  (Pair 0 (Some True))
emitted operations
  
big_map diff
  New map(0) of type (big_map string nat)
  Set map(0)["bar"] to 4
  Set map(0)["foo"] to 11
trace
  - location: 11 (remaining gas: 1039279 units remaining)
    [ (Pair "foo" (Pair { Elt "bar" 4 ; Elt "foo" 11 } None))  	 ]
  - location: 14 (remaining gas: 1039278.900 units remaining)
    [ (Pair "foo" (Pair { Elt "bar" 4 ; Elt "foo" 11 } None))  	
      (Pair "foo" (Pair { Elt "bar" 4 ; Elt "foo" 11 } None))  	 ]
  - location: 15 (remaining gas: 1039278.840 units remaining)
    [ "foo"  	@parameter
      (Pair "foo" (Pair { Elt "bar" 4 ; Elt "foo" 11 } None))  	 ]
  - location: 18 (remaining gas: 1039278.720 units remaining)
    [ (Pair { Elt "bar" 4 ; Elt "foo" 11 } None)  	@storage ]
  - location: 17 (remaining gas: 1039278.700 units remaining)
    [ (Pair { Elt "bar" 4 ; Elt "foo" 11 } None)  	@storage ]
  - location: 16 (remaining gas: 1039278.700 units remaining)
    [ "foo"  	@parameter
      (Pair { Elt "bar" 4 ; Elt "foo" 11 } None)  	@storage ]
  - location: -1 (remaining gas: 1039278.680 units remaining)
    [ "foo"  	@parameter
      (Pair { Elt "bar" 4 ; Elt "foo" 11 } None)  	@storage ]
  - location: 12 (remaining gas: 1039278.660 units remaining)
    [ "foo"  	@parameter
      (Pair { Elt "bar" 4 ; Elt "foo" 11 } None)  	@storage ]
  - location: 21 (remaining gas: 1039278.540 units remaining)
    [ { Elt "bar" 4 ; Elt "foo" 11 }  	 ]
  - location: 22 (remaining gas: 1039278.480 units remaining)
    [ { Elt "bar" 4 ; Elt "foo" 11 }  	
      { Elt "bar" 4 ; Elt "foo" 11 }  	 ]
  - location: -1 (remaining gas: 1039278.460 units remaining)
    [ { Elt "bar" 4 ; Elt "foo" 11 }  	
      { Elt "bar" 4 ; Elt "foo" 11 }  	 ]
  - location: 19 (remaining gas: 1039278.460 units remaining)
    [ "foo"  	@parameter
      { Elt "bar" 4 ; Elt "foo" 11 }  	
      { Elt "bar" 4 ; Elt "foo" 11 }  	 ]
  - location: 23 (remaining gas: 1039278.414 units remaining)
    [ True  	
      { Elt "bar" 4 ; Elt "foo" 11 }  	 ]
  - location: 24 (remaining gas: 1039278.354 units remaining)
    [ (Some True)  	
      { Elt "bar" 4 ; Elt "foo" 11 }  	 ]
  - location: 25 (remaining gas: 1039278.294 units remaining)
    [ { Elt "bar" 4 ; Elt "foo" 11 }  	
      (Some True)  	 ]
  - location: 26 (remaining gas: 1039278.234 units remaining)
    [ (Pair { Elt "bar" 4 ; Elt "foo" 11 } (Some True))  	 ]
  - location: 27 (remaining gas: 1039278.174 units remaining)
    [ {}  	
      (Pair { Elt "bar" 4 ; Elt "foo" 11 } (Some True))  	 ]
  - location: 29 (remaining gas: 1039278.114 units remaining)
    [ (Pair {} (Pair { Elt "bar" 4 ; Elt "foo" 11 } (Some True)))  	 ]
  - location: -1 (remaining gas: 1039278.094 units remaining)
    [ (Pair {} (Pair { Elt "bar" 4 ; Elt "foo" 11 } (Some True)))  	 ]

