tests/test_contract_opcodes.py::TestContractOpcodes::test_contract_input_output[int.tz-None-1-(Some 1)]

storage
  (Some 1)
emitted operations
  
big_map diff
  
trace
  - location: 7 (remaining gas: 1039761 units remaining)
    [ (Pair 1 None)  	 ]
  - location: 8 (remaining gas: 1039760.940 units remaining)
    [ 1  	@parameter ]
  - location: 9 (remaining gas: 1039760.900 units remaining)
    [ 1  	 ]
  - location: 10 (remaining gas: 1039760.840 units remaining)
    [ (Some 1)  	 ]
  - location: 11 (remaining gas: 1039760.780 units remaining)
    [ {}  	
      (Some 1)  	 ]
  - location: 13 (remaining gas: 1039760.720 units remaining)
    [ (Pair {} (Some 1))  	 ]
  - location: -1 (remaining gas: 1039760.700 units remaining)
    [ (Pair {} (Some 1))  	 ]

