tests/test_contract_opcodes.py::TestContractOpcodes::test_contract_input_output[contains_all.tz-None-(Pair { "B" ; "B" ; "asdf" ; "C" } { "B" ; "C" ; "asdf" })-(Some True)]

storage
  (Some True)
emitted operations
  
big_map diff
  
trace
  - location: 11 (remaining gas: 1038303 units remaining)
    [ (Pair (Pair { "B" ; "B" ; "asdf" ; "C" } { "B" ; "C" ; "asdf" }) None)  	 ]
  - location: 12 (remaining gas: 1038302.940 units remaining)
    [ (Pair { "B" ; "B" ; "asdf" ; "C" } { "B" ; "C" ; "asdf" })  	@parameter ]
  - location: 13 (remaining gas: 1038302.880 units remaining)
    [ (Pair { "B" ; "B" ; "asdf" ; "C" } { "B" ; "C" ; "asdf" })  	@parameter
      (Pair { "B" ; "B" ; "asdf" ; "C" } { "B" ; "C" ; "asdf" })  	@parameter ]
  - location: 14 (remaining gas: 1038302.820 units remaining)
    [ { "B" ; "B" ; "asdf" ; "C" }  	
      (Pair { "B" ; "B" ; "asdf" ; "C" } { "B" ; "C" ; "asdf" })  	@parameter ]
  - location: 17 (remaining gas: 1038302.700 units remaining)
    [ { "B" ; "C" ; "asdf" }  	 ]
  - location: 16 (remaining gas: 1038302.680 units remaining)
    [ { "B" ; "C" ; "asdf" }  	 ]
  - location: 15 (remaining gas: 1038302.680 units remaining)
    [ { "B" ; "B" ; "asdf" ; "C" }  	
      { "B" ; "C" ; "asdf" }  	 ]
  - location: 18 (remaining gas: 1038302.620 units remaining)
    [ {}  	
      { "B" ; "B" ; "asdf" ; "C" }  	
      { "B" ; "C" ; "asdf" }  	 ]
  - location: 20 (remaining gas: 1038302.560 units remaining)
    [ { "B" ; "B" ; "asdf" ; "C" }  	
      {}  	
      { "B" ; "C" ; "asdf" }  	 ]
  - location: 23 (remaining gas: 1038302.260 units remaining)
    [ (Pair "B" {})  	
      { "B" ; "C" ; "asdf" }  	 ]
  - location: 24 (remaining gas: 1038302.200 units remaining)
    [ (Pair "B" {})  	
      (Pair "B" {})  	
      { "B" ; "C" ; "asdf" }  	 ]
  - location: 25 (remaining gas: 1038302.140 units remaining)
    [ "B"  	@elt
      (Pair "B" {})  	
      { "B" ; "C" ; "asdf" }  	 ]
  - location: 28 (remaining gas: 1038302.020 units remaining)
    [ {}  	
      { "B" ; "C" ; "asdf" }  	 ]
  - location: 27 (remaining gas: 1038302 units remaining)
    [ {}  	
      { "B" ; "C" ; "asdf" }  	 ]
  - location: 26 (remaining gas: 1038302 units remaining)
    [ "B"  	@elt
      {}  	
      { "B" ; "C" ; "asdf" }  	 ]
  - location: 29 (remaining gas: 1038301.940 units remaining)
    [ True  	
      "B"  	@elt
      {}  	
      { "B" ; "C" ; "asdf" }  	 ]
  - location: 32 (remaining gas: 1038301.880 units remaining)
    [ "B"  	@elt
      True  	
      {}  	
      { "B" ; "C" ; "asdf" }  	 ]
  - location: 33 (remaining gas: 1038301.838 units remaining)
    [ { "B" }  	
      { "B" ; "C" ; "asdf" }  	 ]
  - location: -1 (remaining gas: 1038301.818 units remaining)
    [ { "B" }  	
      { "B" ; "C" ; "asdf" }  	 ]
  - location: 23 (remaining gas: 1038301.758 units remaining)
    [ (Pair "B" { "B" })  	
      { "B" ; "C" ; "asdf" }  	 ]
  - location: 24 (remaining gas: 1038301.698 units remaining)
    [ (Pair "B" { "B" })  	
      (Pair "B" { "B" })  	
      { "B" ; "C" ; "asdf" }  	 ]
  - location: 25 (remaining gas: 1038301.638 units remaining)
    [ "B"  	@elt
      (Pair "B" { "B" })  	
      { "B" ; "C" ; "asdf" }  	 ]
  - location: 28 (remaining gas: 1038301.518 units remaining)
    [ { "B" }  	
      { "B" ; "C" ; "asdf" }  	 ]
  - location: 27 (remaining gas: 1038301.498 units remaining)
    [ { "B" }  	
      { "B" ; "C" ; "asdf" }  	 ]
  - location: 26 (remaining gas: 1038301.498 units remaining)
    [ "B"  	@elt
      { "B" }  	
      { "B" ; "C" ; "asdf" }  	 ]
  - location: 29 (remaining gas: 1038301.438 units remaining)
    [ True  	
      "B"  	@elt
      { "B" }  	
      { "B" ; "C" ; "asdf" }  	 ]
  - location: 32 (remaining gas: 1038301.378 units remaining)
    [ "B"  	@elt
      True  	
      { "B" }  	
      { "B" ; "C" ; "asdf" }  	 ]
  - location: 33 (remaining gas: 1038301.334 units remaining)
    [ { "B" }  	
      { "B" ; "C" ; "asdf" }  	 ]
  - location: -1 (remaining gas: 1038301.314 units remaining)
    [ { "B" }  	
      { "B" ; "C" ; "asdf" }  	 ]
  - location: 23 (remaining gas: 1038301.254 units remaining)
    [ (Pair "asdf" { "B" })  	
      { "B" ; "C" ; "asdf" }  	 ]
  - location: 24 (remaining gas: 1038301.194 units remaining)
    [ (Pair "asdf" { "B" })  	
      (Pair "asdf" { "B" })  	
      { "B" ; "C" ; "asdf" }  	 ]
  - location: 25 (remaining gas: 1038301.134 units remaining)
    [ "asdf"  	@elt
      (Pair "asdf" { "B" })  	
      { "B" ; "C" ; "asdf" }  	 ]
  - location: 28 (remaining gas: 1038301.014 units remaining)
    [ { "B" }  	
      { "B" ; "C" ; "asdf" }  	 ]
  - location: 27 (remaining gas: 1038300.994 units remaining)
    [ { "B" }  	
      { "B" ; "C" ; "asdf" }  	 ]
  - location: 26 (remaining gas: 1038300.994 units remaining)
    [ "asdf"  	@elt
      { "B" }  	
      { "B" ; "C" ; "asdf" }  	 ]
  - location: 29 (remaining gas: 1038300.934 units remaining)
    [ True  	
      "asdf"  	@elt
      { "B" }  	
      { "B" ; "C" ; "asdf" }  	 ]
  - location: 32 (remaining gas: 1038300.874 units remaining)
    [ "asdf"  	@elt
      True  	
      { "B" }  	
      { "B" ; "C" ; "asdf" }  	 ]
  - location: 33 (remaining gas: 1038300.830 units remaining)
    [ { "B" ; "asdf" }  	
      { "B" ; "C" ; "asdf" }  	 ]
  - location: -1 (remaining gas: 1038300.810 units remaining)
    [ { "B" ; "asdf" }  	
      { "B" ; "C" ; "asdf" }  	 ]
  - location: 23 (remaining gas: 1038300.750 units remaining)
    [ (Pair "C" { "B" ; "asdf" })  	
      { "B" ; "C" ; "asdf" }  	 ]
  - location: 24 (remaining gas: 1038300.690 units remaining)
    [ (Pair "C" { "B" ; "asdf" })  	
      (Pair "C" { "B" ; "asdf" })  	
      { "B" ; "C" ; "asdf" }  	 ]
  - location: 25 (remaining gas: 1038300.630 units remaining)
    [ "C"  	@elt
      (Pair "C" { "B" ; "asdf" })  	
      { "B" ; "C" ; "asdf" }  	 ]
  - location: 28 (remaining gas: 1038300.510 units remaining)
    [ { "B" ; "asdf" }  	
      { "B" ; "C" ; "asdf" }  	 ]
  - location: 27 (remaining gas: 1038300.490 units remaining)
    [ { "B" ; "asdf" }  	
      { "B" ; "C" ; "asdf" }  	 ]
  - location: 26 (remaining gas: 1038300.490 units remaining)
    [ "C"  	@elt
      { "B" ; "asdf" }  	
      { "B" ; "C" ; "asdf" }  	 ]
  - location: 29 (remaining gas: 1038300.430 units remaining)
    [ True  	
      "C"  	@elt
      { "B" ; "asdf" }  	
      { "B" ; "C" ; "asdf" }  	 ]
  - location: 32 (remaining gas: 1038300.370 units remaining)
    [ "C"  	@elt
      True  	
      { "B" ; "asdf" }  	
      { "B" ; "C" ; "asdf" }  	 ]
  - location: 33 (remaining gas: 1038300.324 units remaining)
    [ { "B" ; "C" ; "asdf" }  	
      { "B" ; "C" ; "asdf" }  	 ]
  - location: -1 (remaining gas: 1038300.304 units remaining)
    [ { "B" ; "C" ; "asdf" }  	
      { "B" ; "C" ; "asdf" }  	 ]
  - location: 21 (remaining gas: 1038300.304 units remaining)
    [ { "B" ; "C" ; "asdf" }  	
      { "B" ; "C" ; "asdf" }  	 ]
  - location: 34 (remaining gas: 1038300.244 units remaining)
    [ True  	
      { "B" ; "C" ; "asdf" }  	
      { "B" ; "C" ; "asdf" }  	 ]
  - location: 37 (remaining gas: 1038300.184 units remaining)
    [ { "B" ; "C" ; "asdf" }  	
      True  	
      { "B" ; "C" ; "asdf" }  	 ]
  - location: 38 (remaining gas: 1038300.124 units remaining)
    [ (Pair { "B" ; "C" ; "asdf" } True)  	
      { "B" ; "C" ; "asdf" }  	 ]
  - location: 39 (remaining gas: 1038300.064 units remaining)
    [ { "B" ; "C" ; "asdf" }  	
      (Pair { "B" ; "C" ; "asdf" } True)  	 ]
  - location: 42 (remaining gas: 1038299.804 units remaining)
    [ (Pair "B" (Pair { "B" ; "C" ; "asdf" } True))  	 ]
  - location: 43 (remaining gas: 1038299.744 units remaining)
    [ (Pair "B" (Pair { "B" ; "C" ; "asdf" } True))  	
      (Pair "B" (Pair { "B" ; "C" ; "asdf" } True))  	 ]
  - location: 44 (remaining gas: 1038299.684 units remaining)
    [ (Pair "B" (Pair { "B" ; "C" ; "asdf" } True))  	
      (Pair "B" (Pair { "B" ; "C" ; "asdf" } True))  	
      (Pair "B" (Pair { "B" ; "C" ; "asdf" } True))  	 ]
  - location: 45 (remaining gas: 1038299.624 units remaining)
    [ "B"  	@elt
      (Pair "B" (Pair { "B" ; "C" ; "asdf" } True))  	
      (Pair "B" (Pair { "B" ; "C" ; "asdf" } True))  	 ]
  - location: 49 (remaining gas: 1038299.484 units remaining)
    [ (Pair { "B" ; "C" ; "asdf" } True)  	
      (Pair "B" (Pair { "B" ; "C" ; "asdf" } True))  	 ]
  - location: 50 (remaining gas: 1038299.424 units remaining)
    [ { "B" ; "C" ; "asdf" }  	
      (Pair "B" (Pair { "B" ; "C" ; "asdf" } True))  	 ]
  - location: -1 (remaining gas: 1038299.404 units remaining)
    [ { "B" ; "C" ; "asdf" }  	
      (Pair "B" (Pair { "B" ; "C" ; "asdf" } True))  	 ]
  - location: 54 (remaining gas: 1038299.264 units remaining)
    [ (Pair { "B" ; "C" ; "asdf" } True)  	 ]
  - location: 55 (remaining gas: 1038299.204 units remaining)
    [ True  	 ]
  - location: -1 (remaining gas: 1038299.184 units remaining)
    [ True  	 ]
  - location: 52 (remaining gas: 1038299.164 units remaining)
    [ True  	 ]
  - location: 51 (remaining gas: 1038299.164 units remaining)
    [ { "B" ; "C" ; "asdf" }  	
      True  	 ]
  - location: 56 (remaining gas: 1038299.104 units remaining)
    [ { "B" ; "C" ; "asdf" }  	
      { "B" ; "C" ; "asdf" }  	
      True  	 ]
  - location: -1 (remaining gas: 1038299.084 units remaining)
    [ { "B" ; "C" ; "asdf" }  	
      { "B" ; "C" ; "asdf" }  	
      True  	 ]
  - location: 46 (remaining gas: 1038299.084 units remaining)
    [ "B"  	@elt
      { "B" ; "C" ; "asdf" }  	
      { "B" ; "C" ; "asdf" }  	
      True  	 ]
  - location: 57 (remaining gas: 1038299.038 units remaining)
    [ True  	
      { "B" ; "C" ; "asdf" }  	
      True  	 ]
  - location: 60 (remaining gas: 1038298.918 units remaining)
    [ True  	
      { "B" ; "C" ; "asdf" }  	 ]
  - location: 59 (remaining gas: 1038298.898 units remaining)
    [ True  	
      { "B" ; "C" ; "asdf" }  	 ]
  - location: 58 (remaining gas: 1038298.898 units remaining)
    [ True  	
      True  	
      { "B" ; "C" ; "asdf" }  	 ]
  - location: 61 (remaining gas: 1038298.838 units remaining)
    [ True  	
      { "B" ; "C" ; "asdf" }  	 ]
  - location: 62 (remaining gas: 1038298.778 units remaining)
    [ { "B" ; "C" ; "asdf" }  	
      True  	 ]
  - location: 63 (remaining gas: 1038298.718 units remaining)
    [ (Pair { "B" ; "C" ; "asdf" } True)  	 ]
  - location: -1 (remaining gas: 1038298.698 units remaining)
    [ (Pair { "B" ; "C" ; "asdf" } True)  	 ]
  - location: 42 (remaining gas: 1038298.638 units remaining)
    [ (Pair "C" (Pair { "B" ; "C" ; "asdf" } True))  	 ]
  - location: 43 (remaining gas: 1038298.578 units remaining)
    [ (Pair "C" (Pair { "B" ; "C" ; "asdf" } True))  	
      (Pair "C" (Pair { "B" ; "C" ; "asdf" } True))  	 ]
  - location: 44 (remaining gas: 1038298.518 units remaining)
    [ (Pair "C" (Pair { "B" ; "C" ; "asdf" } True))  	
      (Pair "C" (Pair { "B" ; "C" ; "asdf" } True))  	
      (Pair "C" (Pair { "B" ; "C" ; "asdf" } True))  	 ]
  - location: 45 (remaining gas: 1038298.458 units remaining)
    [ "C"  	@elt
      (Pair "C" (Pair { "B" ; "C" ; "asdf" } True))  	
      (Pair "C" (Pair { "B" ; "C" ; "asdf" } True))  	 ]
  - location: 49 (remaining gas: 1038298.318 units remaining)
    [ (Pair { "B" ; "C" ; "asdf" } True)  	
      (Pair "C" (Pair { "B" ; "C" ; "asdf" } True))  	 ]
  - location: 50 (remaining gas: 1038298.258 units remaining)
    [ { "B" ; "C" ; "asdf" }  	
      (Pair "C" (Pair { "B" ; "C" ; "asdf" } True))  	 ]
  - location: -1 (remaining gas: 1038298.238 units remaining)
    [ { "B" ; "C" ; "asdf" }  	
      (Pair "C" (Pair { "B" ; "C" ; "asdf" } True))  	 ]
  - location: 54 (remaining gas: 1038298.098 units remaining)
    [ (Pair { "B" ; "C" ; "asdf" } True)  	 ]
  - location: 55 (remaining gas: 1038298.038 units remaining)
    [ True  	 ]
  - location: -1 (remaining gas: 1038298.018 units remaining)
    [ True  	 ]
  - location: 52 (remaining gas: 1038297.998 units remaining)
    [ True  	 ]
  - location: 51 (remaining gas: 1038297.998 units remaining)
    [ { "B" ; "C" ; "asdf" }  	
      True  	 ]
  - location: 56 (remaining gas: 1038297.938 units remaining)
    [ { "B" ; "C" ; "asdf" }  	
      { "B" ; "C" ; "asdf" }  	
      True  	 ]
  - location: -1 (remaining gas: 1038297.918 units remaining)
    [ { "B" ; "C" ; "asdf" }  	
      { "B" ; "C" ; "asdf" }  	
      True  	 ]
  - location: 46 (remaining gas: 1038297.918 units remaining)
    [ "C"  	@elt
      { "B" ; "C" ; "asdf" }  	
      { "B" ; "C" ; "asdf" }  	
      True  	 ]
  - location: 57 (remaining gas: 1038297.872 units remaining)
    [ True  	
      { "B" ; "C" ; "asdf" }  	
      True  	 ]
  - location: 60 (remaining gas: 1038297.752 units remaining)
    [ True  	
      { "B" ; "C" ; "asdf" }  	 ]
  - location: 59 (remaining gas: 1038297.732 units remaining)
    [ True  	
      { "B" ; "C" ; "asdf" }  	 ]
  - location: 58 (remaining gas: 1038297.732 units remaining)
    [ True  	
      True  	
      { "B" ; "C" ; "asdf" }  	 ]
  - location: 61 (remaining gas: 1038297.672 units remaining)
    [ True  	
      { "B" ; "C" ; "asdf" }  	 ]
  - location: 62 (remaining gas: 1038297.612 units remaining)
    [ { "B" ; "C" ; "asdf" }  	
      True  	 ]
  - location: 63 (remaining gas: 1038297.552 units remaining)
    [ (Pair { "B" ; "C" ; "asdf" } True)  	 ]
  - location: -1 (remaining gas: 1038297.532 units remaining)
    [ (Pair { "B" ; "C" ; "asdf" } True)  	 ]
  - location: 42 (remaining gas: 1038297.472 units remaining)
    [ (Pair "asdf" (Pair { "B" ; "C" ; "asdf" } True))  	 ]
  - location: 43 (remaining gas: 1038297.412 units remaining)
    [ (Pair "asdf" (Pair { "B" ; "C" ; "asdf" } True))  	
      (Pair "asdf" (Pair { "B" ; "C" ; "asdf" } True))  	 ]
  - location: 44 (remaining gas: 1038297.352 units remaining)
    [ (Pair "asdf" (Pair { "B" ; "C" ; "asdf" } True))  	
      (Pair "asdf" (Pair { "B" ; "C" ; "asdf" } True))  	
      (Pair "asdf" (Pair { "B" ; "C" ; "asdf" } True))  	 ]
  - location: 45 (remaining gas: 1038297.292 units remaining)
    [ "asdf"  	@elt
      (Pair "asdf" (Pair { "B" ; "C" ; "asdf" } True))  	
      (Pair "asdf" (Pair { "B" ; "C" ; "asdf" } True))  	 ]
  - location: 49 (remaining gas: 1038297.152 units remaining)
    [ (Pair { "B" ; "C" ; "asdf" } True)  	
      (Pair "asdf" (Pair { "B" ; "C" ; "asdf" } True))  	 ]
  - location: 50 (remaining gas: 1038297.092 units remaining)
    [ { "B" ; "C" ; "asdf" }  	
      (Pair "asdf" (Pair { "B" ; "C" ; "asdf" } True))  	 ]
  - location: -1 (remaining gas: 1038297.072 units remaining)
    [ { "B" ; "C" ; "asdf" }  	
      (Pair "asdf" (Pair { "B" ; "C" ; "asdf" } True))  	 ]
  - location: 54 (remaining gas: 1038296.932 units remaining)
    [ (Pair { "B" ; "C" ; "asdf" } True)  	 ]
  - location: 55 (remaining gas: 1038296.872 units remaining)
    [ True  	 ]
  - location: -1 (remaining gas: 1038296.852 units remaining)
    [ True  	 ]
  - location: 52 (remaining gas: 1038296.832 units remaining)
    [ True  	 ]
  - location: 51 (remaining gas: 1038296.832 units remaining)
    [ { "B" ; "C" ; "asdf" }  	
      True  	 ]
  - location: 56 (remaining gas: 1038296.772 units remaining)
    [ { "B" ; "C" ; "asdf" }  	
      { "B" ; "C" ; "asdf" }  	
      True  	 ]
  - location: -1 (remaining gas: 1038296.752 units remaining)
    [ { "B" ; "C" ; "asdf" }  	
      { "B" ; "C" ; "asdf" }  	
      True  	 ]
  - location: 46 (remaining gas: 1038296.752 units remaining)
    [ "asdf"  	@elt
      { "B" ; "C" ; "asdf" }  	
      { "B" ; "C" ; "asdf" }  	
      True  	 ]
  - location: 57 (remaining gas: 1038296.706 units remaining)
    [ True  	
      { "B" ; "C" ; "asdf" }  	
      True  	 ]
  - location: 60 (remaining gas: 1038296.586 units remaining)
    [ True  	
      { "B" ; "C" ; "asdf" }  	 ]
  - location: 59 (remaining gas: 1038296.566 units remaining)
    [ True  	
      { "B" ; "C" ; "asdf" }  	 ]
  - location: 58 (remaining gas: 1038296.566 units remaining)
    [ True  	
      True  	
      { "B" ; "C" ; "asdf" }  	 ]
  - location: 61 (remaining gas: 1038296.506 units remaining)
    [ True  	
      { "B" ; "C" ; "asdf" }  	 ]
  - location: 62 (remaining gas: 1038296.446 units remaining)
    [ { "B" ; "C" ; "asdf" }  	
      True  	 ]
  - location: 63 (remaining gas: 1038296.386 units remaining)
    [ (Pair { "B" ; "C" ; "asdf" } True)  	 ]
  - location: -1 (remaining gas: 1038296.366 units remaining)
    [ (Pair { "B" ; "C" ; "asdf" } True)  	 ]
  - location: 40 (remaining gas: 1038296.366 units remaining)
    [ (Pair { "B" ; "C" ; "asdf" } True)  	 ]
  - location: 64 (remaining gas: 1038296.306 units remaining)
    [ True  	 ]
  - location: 65 (remaining gas: 1038296.246 units remaining)
    [ (Some True)  	 ]
  - location: 66 (remaining gas: 1038296.186 units remaining)
    [ {}  	
      (Some True)  	 ]
  - location: 68 (remaining gas: 1038296.126 units remaining)
    [ (Pair {} (Some True))  	 ]
  - location: -1 (remaining gas: 1038296.106 units remaining)
    [ (Pair {} (Some True))  	 ]

