tests/test_contract_opcodes.py::TestContractOpcodes::test_contract_input_output[list_map_block.tz-{0}-{}-{}]

storage
  {}
emitted operations
  
big_map diff
  
trace
  - location: 8 (remaining gas: 1039421 units remaining)
    [ (Pair {} { 0 })  	 ]
  - location: 9 (remaining gas: 1039420.940 units remaining)
    [ {}  	@parameter ]
  - location: 10 (remaining gas: 1039420.880 units remaining)
    [ 0  	
      {}  	@parameter ]
  - location: 13 (remaining gas: 1039420.820 units remaining)
    [ {}  	@parameter
      0  	 ]
  - location: 14 (remaining gas: 1039420.720 units remaining)
    [ {}  	
      0  	 ]
  - location: 26 (remaining gas: 1039420.660 units remaining)
    [ {}  	
      {}  	
      0  	 ]
  - location: 28 (remaining gas: 1039420.600 units remaining)
    [ (Pair {} {})  	
      0  	 ]
  - location: 31 (remaining gas: 1039420.480 units remaining)
    [  ]
  - location: 30 (remaining gas: 1039420.460 units remaining)
    [  ]
  - location: 29 (remaining gas: 1039420.460 units remaining)
    [ (Pair {} {})  	 ]
  - location: -1 (remaining gas: 1039420.440 units remaining)
    [ (Pair {} {})  	 ]

