tests/test_contract_opcodes.py::TestContractOpcodes::test_contract_input_output[neg.tz-0-(Right 0)-0]

storage
  0
emitted operations
  
big_map diff
  
trace
  - location: 8 (remaining gas: 1039735 units remaining)
    [ (Pair (Right 0) 0)  	 ]
  - location: 9 (remaining gas: 1039734.940 units remaining)
    [ (Right 0)  	@parameter ]
  - location: 14 (remaining gas: 1039734.718 units remaining)
    [ 0  	 ]
  - location: 13 (remaining gas: 1039734.698 units remaining)
    [ 0  	 ]
  - location: 15 (remaining gas: 1039734.638 units remaining)
    [ {}  	
      0  	 ]
  - location: 17 (remaining gas: 1039734.578 units remaining)
    [ (Pair {} 0)  	 ]
  - location: -1 (remaining gas: 1039734.558 units remaining)
    [ (Pair {} 0)  	 ]

