tests/test_contract_opcodes.py::TestContractOpcodes::test_contract_input_output[cons.tz-{ -5 ; 10 }-99-{ 99 ; -5 ; 10 }]

storage
  { 99 ; -5 ; 10 }
emitted operations
  
big_map diff
  
trace
  - location: 7 (remaining gas: 1039622 units remaining)
    [ (Pair 99 { -5 ; 10 })  	 ]
  - location: 10 (remaining gas: 1039621.900 units remaining)
    [ (Pair 99 { -5 ; 10 })  	
      (Pair 99 { -5 ; 10 })  	 ]
  - location: 11 (remaining gas: 1039621.840 units remaining)
    [ 99  	@parameter
      (Pair 99 { -5 ; 10 })  	 ]
  - location: 14 (remaining gas: 1039621.720 units remaining)
    [ { -5 ; 10 }  	@storage ]
  - location: 13 (remaining gas: 1039621.700 units remaining)
    [ { -5 ; 10 }  	@storage ]
  - location: 12 (remaining gas: 1039621.700 units remaining)
    [ 99  	@parameter
      { -5 ; 10 }  	@storage ]
  - location: -1 (remaining gas: 1039621.680 units remaining)
    [ 99  	@parameter
      { -5 ; 10 }  	@storage ]
  - location: 8 (remaining gas: 1039621.660 units remaining)
    [ 99  	@parameter
      { -5 ; 10 }  	@storage ]
  - location: 15 (remaining gas: 1039621.600 units remaining)
    [ { 99 ; -5 ; 10 }  	 ]
  - location: 16 (remaining gas: 1039621.540 units remaining)
    [ {}  	
      { 99 ; -5 ; 10 }  	 ]
  - location: 18 (remaining gas: 1039621.480 units remaining)
    [ (Pair {} { 99 ; -5 ; 10 })  	 ]
  - location: -1 (remaining gas: 1039621.460 units remaining)
    [ (Pair {} { 99 ; -5 ; 10 })  	 ]

