tests/test_contract_opcodes.py::TestContractOpcodes::test_contract_input_output[reverse_loop.tz-{""}-{ "c" ; "b" ; "a" }-{ "a" ; "b" ; "c" }]

storage
  { "a" ; "b" ; "c" }
emitted operations
  
big_map diff
  
trace
  - location: 8 (remaining gas: 1039301 units remaining)
    [ (Pair { "c" ; "b" ; "a" } { "" })  	 ]
  - location: 9 (remaining gas: 1039300.940 units remaining)
    [ { "c" ; "b" ; "a" }  	@parameter ]
  - location: 10 (remaining gas: 1039300.880 units remaining)
    [ {}  	
      { "c" ; "b" ; "a" }  	@parameter ]
  - location: 12 (remaining gas: 1039300.820 units remaining)
    [ { "c" ; "b" ; "a" }  	@parameter
      {}  	 ]
  - location: 13 (remaining gas: 1039300.760 units remaining)
    [ True  	
      { "c" ; "b" ; "a" }  	@parameter
      {}  	 ]
  - location: 20 (remaining gas: 1039300.580 units remaining)
    [ { "b" ; "a" }  	@parameter.tl
      "c"  	@parameter.hd
      {}  	 ]
  - location: 23 (remaining gas: 1039300.460 units remaining)
    [ { "c" }  	 ]
  - location: 22 (remaining gas: 1039300.440 units remaining)
    [ { "c" }  	 ]
  - location: 21 (remaining gas: 1039300.440 units remaining)
    [ { "b" ; "a" }  	@parameter.tl
      { "c" }  	 ]
  - location: 24 (remaining gas: 1039300.380 units remaining)
    [ True  	
      { "b" ; "a" }  	@parameter.tl
      { "c" }  	 ]
  - location: -1 (remaining gas: 1039300.360 units remaining)
    [ True  	
      { "b" ; "a" }  	@parameter.tl
      { "c" }  	 ]
  - location: 17 (remaining gas: 1039300.340 units remaining)
    [ True  	
      { "b" ; "a" }  	
      { "c" }  	 ]
  - location: 20 (remaining gas: 1039300.180 units remaining)
    [ { "a" }  	@parameter.tl
      "b"  	@parameter.hd
      { "c" }  	 ]
  - location: 23 (remaining gas: 1039300.060 units remaining)
    [ { "b" ; "c" }  	 ]
  - location: 22 (remaining gas: 1039300.040 units remaining)
    [ { "b" ; "c" }  	 ]
  - location: 21 (remaining gas: 1039300.040 units remaining)
    [ { "a" }  	@parameter.tl
      { "b" ; "c" }  	 ]
  - location: 24 (remaining gas: 1039299.980 units remaining)
    [ True  	
      { "a" }  	@parameter.tl
      { "b" ; "c" }  	 ]
  - location: -1 (remaining gas: 1039299.960 units remaining)
    [ True  	
      { "a" }  	@parameter.tl
      { "b" ; "c" }  	 ]
  - location: 17 (remaining gas: 1039299.940 units remaining)
    [ True  	
      { "a" }  	
      { "b" ; "c" }  	 ]
  - location: 20 (remaining gas: 1039299.780 units remaining)
    [ {}  	@parameter.tl
      "a"  	@parameter.hd
      { "b" ; "c" }  	 ]
  - location: 23 (remaining gas: 1039299.660 units remaining)
    [ { "a" ; "b" ; "c" }  	 ]
  - location: 22 (remaining gas: 1039299.640 units remaining)
    [ { "a" ; "b" ; "c" }  	 ]
  - location: 21 (remaining gas: 1039299.640 units remaining)
    [ {}  	@parameter.tl
      { "a" ; "b" ; "c" }  	 ]
  - location: 24 (remaining gas: 1039299.580 units remaining)
    [ True  	
      {}  	@parameter.tl
      { "a" ; "b" ; "c" }  	 ]
  - location: -1 (remaining gas: 1039299.560 units remaining)
    [ True  	
      {}  	@parameter.tl
      { "a" ; "b" ; "c" }  	 ]
  - location: 17 (remaining gas: 1039299.540 units remaining)
    [ True  	
      {}  	
      { "a" ; "b" ; "c" }  	 ]
  - location: 28 (remaining gas: 1039299.380 units remaining)
    [ {}  	
      { "a" ; "b" ; "c" }  	 ]
  - location: 30 (remaining gas: 1039299.320 units remaining)
    [ False  	
      {}  	
      { "a" ; "b" ; "c" }  	 ]
  - location: -1 (remaining gas: 1039299.300 units remaining)
    [ False  	
      {}  	
      { "a" ; "b" ; "c" }  	 ]
  - location: 17 (remaining gas: 1039299.280 units remaining)
    [ False  	
      {}  	
      { "a" ; "b" ; "c" }  	 ]
  - location: 16 (remaining gas: 1039299.240 units remaining)
    [ {}  	@parameter
      { "a" ; "b" ; "c" }  	 ]
  - location: 33 (remaining gas: 1039299.180 units remaining)
    [ { "a" ; "b" ; "c" }  	 ]
  - location: 34 (remaining gas: 1039299.120 units remaining)
    [ {}  	
      { "a" ; "b" ; "c" }  	 ]
  - location: 36 (remaining gas: 1039299.060 units remaining)
    [ (Pair {} { "a" ; "b" ; "c" })  	 ]
  - location: -1 (remaining gas: 1039299.040 units remaining)
    [ (Pair {} { "a" ; "b" ; "c" })  	 ]

