tests/test_contract_opcodes.py::TestContractOpcodes::test_contract_input_output[list_size.tz-111-{}-0]

storage
  0
emitted operations
  
big_map diff
  
trace
  - location: 7 (remaining gas: 1039808 units remaining)
    [ (Pair {} 111)  	 ]
  - location: 8 (remaining gas: 1039807.940 units remaining)
    [ {}  	@parameter ]
  - location: 9 (remaining gas: 1039807.880 units remaining)
    [ 0  	 ]
  - location: 10 (remaining gas: 1039807.820 units remaining)
    [ {}  	
      0  	 ]
  - location: 12 (remaining gas: 1039807.760 units remaining)
    [ (Pair {} 0)  	 ]
  - location: -1 (remaining gas: 1039807.740 units remaining)
    [ (Pair {} 0)  	 ]

