tests/test_contract_opcodes.py::TestContractOpcodes::test_contract_input_output[add.tz-Unit-Unit-Unit]

storage
  Unit
emitted operations
  
big_map diff
  
trace
  - location: 6 (remaining gas: 1037266 units remaining)
    [ (Pair Unit Unit)  	 ]
  - location: 7 (remaining gas: 1037265.940 units remaining)
    [ Unit  	@parameter ]
  - location: 8 (remaining gas: 1037265.880 units remaining)
    [ 2  	
      Unit  	@parameter ]
  - location: 11 (remaining gas: 1037265.820 units remaining)
    [ 2  	
      2  	
      Unit  	@parameter ]
  - location: 14 (remaining gas: 1037265.678 units remaining)
    [ 4  	
      Unit  	@parameter ]
  - location: 15 (remaining gas: 1037265.618 units remaining)
    [ 4  	
      4  	
      Unit  	@parameter ]
  - location: 20 (remaining gas: 1037265.436 units remaining)
    [ 0  	
      Unit  	@parameter ]
  - location: 21 (remaining gas: 1037265.336 units remaining)
    [ True  	
      Unit  	@parameter ]
  - location: -1 (remaining gas: 1037265.316 units remaining)
    [ True  	
      Unit  	@parameter ]
  - location: 23 (remaining gas: 1037265.236 units remaining)
    [ Unit  	@parameter ]
  - location: -1 (remaining gas: 1037265.216 units remaining)
    [ Unit  	@parameter ]
  - location: 28 (remaining gas: 1037265.156 units remaining)
    [ 2  	
      Unit  	@parameter ]
  - location: 31 (remaining gas: 1037265.096 units remaining)
    [ 2  	
      2  	
      Unit  	@parameter ]
  - location: 34 (remaining gas: 1037264.954 units remaining)
    [ 4  	
      Unit  	@parameter ]
  - location: 35 (remaining gas: 1037264.894 units remaining)
    [ 4  	
      4  	
      Unit  	@parameter ]
  - location: 40 (remaining gas: 1037264.712 units remaining)
    [ 0  	
      Unit  	@parameter ]
  - location: 41 (remaining gas: 1037264.612 units remaining)
    [ True  	
      Unit  	@parameter ]
  - location: -1 (remaining gas: 1037264.592 units remaining)
    [ True  	
      Unit  	@parameter ]
  - location: 43 (remaining gas: 1037264.512 units remaining)
    [ Unit  	@parameter ]
  - location: -1 (remaining gas: 1037264.492 units remaining)
    [ Unit  	@parameter ]
  - location: 48 (remaining gas: 1037264.432 units remaining)
    [ 2  	
      Unit  	@parameter ]
  - location: 51 (remaining gas: 1037264.372 units remaining)
    [ 2  	
      2  	
      Unit  	@parameter ]
  - location: 54 (remaining gas: 1037264.230 units remaining)
    [ 4  	
      Unit  	@parameter ]
  - location: 55 (remaining gas: 1037264.170 units remaining)
    [ 4  	
      4  	
      Unit  	@parameter ]
  - location: 60 (remaining gas: 1037263.988 units remaining)
    [ 0  	
      Unit  	@parameter ]
  - location: 61 (remaining gas: 1037263.888 units remaining)
    [ True  	
      Unit  	@parameter ]
  - location: -1 (remaining gas: 1037263.868 units remaining)
    [ True  	
      Unit  	@parameter ]
  - location: 63 (remaining gas: 1037263.788 units remaining)
    [ Unit  	@parameter ]
  - location: -1 (remaining gas: 1037263.768 units remaining)
    [ Unit  	@parameter ]
  - location: 68 (remaining gas: 1037263.708 units remaining)
    [ 2  	
      Unit  	@parameter ]
  - location: 71 (remaining gas: 1037263.648 units remaining)
    [ 2  	
      2  	
      Unit  	@parameter ]
  - location: 74 (remaining gas: 1037263.506 units remaining)
    [ 4  	
      Unit  	@parameter ]
  - location: 75 (remaining gas: 1037263.446 units remaining)
    [ 4  	
      4  	
      Unit  	@parameter ]
  - location: 80 (remaining gas: 1037263.264 units remaining)
    [ 0  	
      Unit  	@parameter ]
  - location: 81 (remaining gas: 1037263.164 units remaining)
    [ True  	
      Unit  	@parameter ]
  - location: -1 (remaining gas: 1037263.144 units remaining)
    [ True  	
      Unit  	@parameter ]
  - location: 83 (remaining gas: 1037263.064 units remaining)
    [ Unit  	@parameter ]
  - location: -1 (remaining gas: 1037263.044 units remaining)
    [ Unit  	@parameter ]
  - location: 88 (remaining gas: 1037262.984 units remaining)
    [ 2  	
      Unit  	@parameter ]
  - location: 91 (remaining gas: 1037262.924 units remaining)
    [ 2  	
      2  	
      Unit  	@parameter ]
  - location: 94 (remaining gas: 1037262.782 units remaining)
    [ 4  	
      Unit  	@parameter ]
  - location: 95 (remaining gas: 1037262.722 units remaining)
    [ 4  	
      4  	
      Unit  	@parameter ]
  - location: 100 (remaining gas: 1037262.540 units remaining)
    [ 0  	
      Unit  	@parameter ]
  - location: 101 (remaining gas: 1037262.440 units remaining)
    [ True  	
      Unit  	@parameter ]
  - location: -1 (remaining gas: 1037262.420 units remaining)
    [ True  	
      Unit  	@parameter ]
  - location: 103 (remaining gas: 1037262.340 units remaining)
    [ Unit  	@parameter ]
  - location: -1 (remaining gas: 1037262.320 units remaining)
    [ Unit  	@parameter ]
  - location: 108 (remaining gas: 1037262.260 units remaining)
    [ 60  	
      Unit  	@parameter ]
  - location: 111 (remaining gas: 1037262.200 units remaining)
    [ "2019-09-09T12:08:37Z"  	
      60  	
      Unit  	@parameter ]
  - location: 114 (remaining gas: 1037262.058 units remaining)
    [ "2019-09-09T12:09:37Z"  	
      Unit  	@parameter ]
  - location: 115 (remaining gas: 1037261.998 units remaining)
    [ "2019-09-09T12:09:37Z"  	
      "2019-09-09T12:09:37Z"  	
      Unit  	@parameter ]
  - location: 120 (remaining gas: 1037261.816 units remaining)
    [ 0  	
      Unit  	@parameter ]
  - location: 121 (remaining gas: 1037261.716 units remaining)
    [ True  	
      Unit  	@parameter ]
  - location: -1 (remaining gas: 1037261.696 units remaining)
    [ True  	
      Unit  	@parameter ]
  - location: 123 (remaining gas: 1037261.616 units remaining)
    [ Unit  	@parameter ]
  - location: -1 (remaining gas: 1037261.596 units remaining)
    [ Unit  	@parameter ]
  - location: 128 (remaining gas: 1037261.536 units remaining)
    [ "2019-09-09T12:08:37Z"  	
      Unit  	@parameter ]
  - location: 131 (remaining gas: 1037261.476 units remaining)
    [ 60  	
      "2019-09-09T12:08:37Z"  	
      Unit  	@parameter ]
  - location: 134 (remaining gas: 1037261.334 units remaining)
    [ "2019-09-09T12:09:37Z"  	
      Unit  	@parameter ]
  - location: 135 (remaining gas: 1037261.274 units remaining)
    [ "2019-09-09T12:09:37Z"  	
      "2019-09-09T12:09:37Z"  	
      Unit  	@parameter ]
  - location: 140 (remaining gas: 1037261.092 units remaining)
    [ 0  	
      Unit  	@parameter ]
  - location: 141 (remaining gas: 1037260.992 units remaining)
    [ True  	
      Unit  	@parameter ]
  - location: -1 (remaining gas: 1037260.972 units remaining)
    [ True  	
      Unit  	@parameter ]
  - location: 143 (remaining gas: 1037260.892 units remaining)
    [ Unit  	@parameter ]
  - location: -1 (remaining gas: 1037260.872 units remaining)
    [ Unit  	@parameter ]
  - location: 148 (remaining gas: 1037260.812 units remaining)
    [ 1000  	
      Unit  	@parameter ]
  - location: 151 (remaining gas: 1037260.752 units remaining)
    [ 1000  	
      1000  	
      Unit  	@parameter ]
  - location: 154 (remaining gas: 1037260.590 units remaining)
    [ 2000  	
      Unit  	@parameter ]
  - location: 155 (remaining gas: 1037260.530 units remaining)
    [ 2000  	
      2000  	
      Unit  	@parameter ]
  - location: 160 (remaining gas: 1037260.390 units remaining)
    [ 0  	
      Unit  	@parameter ]
  - location: 161 (remaining gas: 1037260.290 units remaining)
    [ True  	
      Unit  	@parameter ]
  - location: -1 (remaining gas: 1037260.270 units remaining)
    [ True  	
      Unit  	@parameter ]
  - location: 163 (remaining gas: 1037260.190 units remaining)
    [ Unit  	@parameter ]
  - location: -1 (remaining gas: 1037260.170 units remaining)
    [ Unit  	@parameter ]
  - location: 168 (remaining gas: 1037260.110 units remaining)
    [ {}  	
      Unit  	@parameter ]
  - location: 170 (remaining gas: 1037260.050 units remaining)
    [ (Pair {} Unit)  	 ]
  - location: -1 (remaining gas: 1037260.030 units remaining)
    [ (Pair {} Unit)  	 ]

